Archive member included to satisfy reference by file (symbol)

/Applications/STM32CubeIDE.app/Contents/Eclipse/plugins/com.st.stm32cube.ide.mcu.externaltools.gnu-tools-for-stm32.7-2018-q2-update.macos64_1.0.0.201904181610/tools/bin/../lib/gcc/arm-none-eabi/7.3.1/../../../../arm-none-eabi/lib/thumb/v6-m/libc_nano.a(lib_a-errno.o)
                              Core/Src/syscalls.o (__errno)
/Applications/STM32CubeIDE.app/Contents/Eclipse/plugins/com.st.stm32cube.ide.mcu.externaltools.gnu-tools-for-stm32.7-2018-q2-update.macos64_1.0.0.201904181610/tools/bin/../lib/gcc/arm-none-eabi/7.3.1/../../../../arm-none-eabi/lib/thumb/v6-m/libc_nano.a(lib_a-exit.o)
                              /Applications/STM32CubeIDE.app/Contents/Eclipse/plugins/com.st.stm32cube.ide.mcu.externaltools.gnu-tools-for-stm32.7-2018-q2-update.macos64_1.0.0.201904181610/tools/bin/../lib/gcc/arm-none-eabi/7.3.1/../../../../arm-none-eabi/lib/thumb/v6-m/crt0.o (exit)
/Applications/STM32CubeIDE.app/Contents/Eclipse/plugins/com.st.stm32cube.ide.mcu.externaltools.gnu-tools-for-stm32.7-2018-q2-update.macos64_1.0.0.201904181610/tools/bin/../lib/gcc/arm-none-eabi/7.3.1/../../../../arm-none-eabi/lib/thumb/v6-m/libc_nano.a(lib_a-impure.o)
                              /Applications/STM32CubeIDE.app/Contents/Eclipse/plugins/com.st.stm32cube.ide.mcu.externaltools.gnu-tools-for-stm32.7-2018-q2-update.macos64_1.0.0.201904181610/tools/bin/../lib/gcc/arm-none-eabi/7.3.1/../../../../arm-none-eabi/lib/thumb/v6-m/libc_nano.a(lib_a-exit.o) (_global_impure_ptr)
/Applications/STM32CubeIDE.app/Contents/Eclipse/plugins/com.st.stm32cube.ide.mcu.externaltools.gnu-tools-for-stm32.7-2018-q2-update.macos64_1.0.0.201904181610/tools/bin/../lib/gcc/arm-none-eabi/7.3.1/../../../../arm-none-eabi/lib/thumb/v6-m/libc_nano.a(lib_a-init.o)
                              /Applications/STM32CubeIDE.app/Contents/Eclipse/plugins/com.st.stm32cube.ide.mcu.externaltools.gnu-tools-for-stm32.7-2018-q2-update.macos64_1.0.0.201904181610/tools/bin/../lib/gcc/arm-none-eabi/7.3.1/../../../../arm-none-eabi/lib/thumb/v6-m/crt0.o (__libc_init_array)
/Applications/STM32CubeIDE.app/Contents/Eclipse/plugins/com.st.stm32cube.ide.mcu.externaltools.gnu-tools-for-stm32.7-2018-q2-update.macos64_1.0.0.201904181610/tools/bin/../lib/gcc/arm-none-eabi/7.3.1/../../../../arm-none-eabi/lib/thumb/v6-m/libc_nano.a(lib_a-memcpy-stub.o)
                              Drivers/STM32F0xx_HAL_Driver/Src/stm32f0xx_hal_rcc.o (memcpy)
/Applications/STM32CubeIDE.app/Contents/Eclipse/plugins/com.st.stm32cube.ide.mcu.externaltools.gnu-tools-for-stm32.7-2018-q2-update.macos64_1.0.0.201904181610/tools/bin/../lib/gcc/arm-none-eabi/7.3.1/../../../../arm-none-eabi/lib/thumb/v6-m/libc_nano.a(lib_a-memset.o)
                              /Applications/STM32CubeIDE.app/Contents/Eclipse/plugins/com.st.stm32cube.ide.mcu.externaltools.gnu-tools-for-stm32.7-2018-q2-update.macos64_1.0.0.201904181610/tools/bin/../lib/gcc/arm-none-eabi/7.3.1/../../../../arm-none-eabi/lib/thumb/v6-m/crt0.o (memset)
/Applications/STM32CubeIDE.app/Contents/Eclipse/plugins/com.st.stm32cube.ide.mcu.externaltools.gnu-tools-for-stm32.7-2018-q2-update.macos64_1.0.0.201904181610/tools/bin/../lib/gcc/arm-none-eabi/7.3.1/thumb/v6-m/libgcc.a(_thumb1_case_uqi.o)
                              Drivers/STM32F0xx_HAL_Driver/Src/stm32f0xx_hal_dma.o (__gnu_thumb1_case_uqi)
/Applications/STM32CubeIDE.app/Contents/Eclipse/plugins/com.st.stm32cube.ide.mcu.externaltools.gnu-tools-for-stm32.7-2018-q2-update.macos64_1.0.0.201904181610/tools/bin/../lib/gcc/arm-none-eabi/7.3.1/thumb/v6-m/libgcc.a(_thumb1_case_uhi.o)
                              Middlewares/ST/STM32_USB_Device_Library/Core/Src/usbd_ctlreq.o (__gnu_thumb1_case_uhi)
/Applications/STM32CubeIDE.app/Contents/Eclipse/plugins/com.st.stm32cube.ide.mcu.externaltools.gnu-tools-for-stm32.7-2018-q2-update.macos64_1.0.0.201904181610/tools/bin/../lib/gcc/arm-none-eabi/7.3.1/thumb/v6-m/libgcc.a(_udivsi3.o)
                              Core/Src/system_stm32f0xx.o (__aeabi_uidiv)
/Applications/STM32CubeIDE.app/Contents/Eclipse/plugins/com.st.stm32cube.ide.mcu.externaltools.gnu-tools-for-stm32.7-2018-q2-update.macos64_1.0.0.201904181610/tools/bin/../lib/gcc/arm-none-eabi/7.3.1/thumb/v6-m/libgcc.a(_divsi3.o)
                              Core/Src/system_stm32f0xx.o (__aeabi_idiv)
/Applications/STM32CubeIDE.app/Contents/Eclipse/plugins/com.st.stm32cube.ide.mcu.externaltools.gnu-tools-for-stm32.7-2018-q2-update.macos64_1.0.0.201904181610/tools/bin/../lib/gcc/arm-none-eabi/7.3.1/thumb/v6-m/libgcc.a(_dvmd_tls.o)
                              /Applications/STM32CubeIDE.app/Contents/Eclipse/plugins/com.st.stm32cube.ide.mcu.externaltools.gnu-tools-for-stm32.7-2018-q2-update.macos64_1.0.0.201904181610/tools/bin/../lib/gcc/arm-none-eabi/7.3.1/thumb/v6-m/libgcc.a(_udivsi3.o) (__aeabi_idiv0)
[...]
Memory Configuration

Name             Origin             Length             Attributes
RAM              0x0000000020000000 0x0000000000001800 xrw
FLASH            0x0000000008000000 0x0000000000004000 xr
*default*        0x0000000000000000 0xffffffffffffffff

Linker script and memory map

LOAD /Applications/STM32CubeIDE.app/Contents/Eclipse/plugins/com.st.stm32cube.ide.mcu.externaltools.gnu-tools-for-stm32.7-2018-q2-update.macos64_1.0.0.201904181610/tools/bin/../lib/gcc/arm-none-eabi/7.3.1/thumb/v6-m/crti.o
LOAD /Applications/STM32CubeIDE.app/Contents/Eclipse/plugins/com.st.stm32cube.ide.mcu.externaltools.gnu-tools-for-stm32.7-2018-q2-update.macos64_1.0.0.201904181610/tools/bin/../lib/gcc/arm-none-eabi/7.3.1/thumb/v6-m/crtbegin.o
LOAD /Applications/STM32CubeIDE.app/Contents/Eclipse/plugins/com.st.stm32cube.ide.mcu.externaltools.gnu-tools-for-stm32.7-2018-q2-update.macos64_1.0.0.201904181610/tools/bin/../lib/gcc/arm-none-eabi/7.3.1/../../../../arm-none-eabi/lib/thumb/v6-m/crt0.o
LOAD Core/Src/main.o
LOAD Core/Src/stm32f0xx_hal_msp.o
LOAD Core/Src/stm32f0xx_it.o
LOAD Core/Src/syscalls.o
LOAD Core/Src/sysmem.o
LOAD Core/Src/system_stm32f0xx.o
LOAD Core/Startup/startup_stm32f042f4px.o
LOAD Drivers/STM32F0xx_HAL_Driver/Src/stm32f0xx_hal.o
LOAD Drivers/STM32F0xx_HAL_Driver/Src/stm32f0xx_hal_cortex.o
LOAD Drivers/STM32F0xx_HAL_Driver/Src/stm32f0xx_hal_dma.o
LOAD Drivers/STM32F0xx_HAL_Driver/Src/stm32f0xx_hal_exti.o
LOAD Drivers/STM32F0xx_HAL_Driver/Src/stm32f0xx_hal_flash.o
LOAD Drivers/STM32F0xx_HAL_Driver/Src/stm32f0xx_hal_flash_ex.o
LOAD Drivers/STM32F0xx_HAL_Driver/Src/stm32f0xx_hal_gpio.o
LOAD Drivers/STM32F0xx_HAL_Driver/Src/stm32f0xx_hal_i2c.o
LOAD Drivers/STM32F0xx_HAL_Driver/Src/stm32f0xx_hal_i2c_ex.o
LOAD Drivers/STM32F0xx_HAL_Driver/Src/stm32f0xx_hal_pcd.o
LOAD Drivers/STM32F0xx_HAL_Driver/Src/stm32f0xx_hal_pcd_ex.o
LOAD Drivers/STM32F0xx_HAL_Driver/Src/stm32f0xx_hal_pwr.o
LOAD Drivers/STM32F0xx_HAL_Driver/Src/stm32f0xx_hal_pwr_ex.o
LOAD Drivers/STM32F0xx_HAL_Driver/Src/stm32f0xx_hal_rcc.o
LOAD Drivers/STM32F0xx_HAL_Driver/Src/stm32f0xx_hal_rcc_ex.o
LOAD Drivers/STM32F0xx_HAL_Driver/Src/stm32f0xx_hal_tim.o
LOAD Drivers/STM32F0xx_HAL_Driver/Src/stm32f0xx_hal_tim_ex.o
LOAD Drivers/STM32F0xx_HAL_Driver/Src/stm32f0xx_ll_usb.o
LOAD Middlewares/ST/STM32_USB_Device_Library/Class/CDC/Src/usbd_cdc.o
LOAD Middlewares/ST/STM32_USB_Device_Library/Core/Src/usbd_core.o
LOAD Middlewares/ST/STM32_USB_Device_Library/Core/Src/usbd_ctlreq.o
LOAD Middlewares/ST/STM32_USB_Device_Library/Core/Src/usbd_ioreq.o
LOAD USB_DEVICE/App/usb_device.o
LOAD USB_DEVICE/App/usbd_cdc_if.o
LOAD USB_DEVICE/App/usbd_desc.o
LOAD USB_DEVICE/Target/usbd_conf.o
START GROUP
LOAD /Applications/STM32CubeIDE.app/Contents/Eclipse/plugins/com.st.stm32cube.ide.mcu.externaltools.gnu-tools-for-stm32.7-2018-q2-update.macos64_1.0.0.201904181610/tools/bin/../lib/gcc/arm-none-eabi/7.3.1/../../../../arm-none-eabi/lib/thumb/v6-m/libc_nano.a
LOAD /Applications/STM32CubeIDE.app/Contents/Eclipse/plugins/com.st.stm32cube.ide.mcu.externaltools.gnu-tools-for-stm32.7-2018-q2-update.macos64_1.0.0.201904181610/tools/bin/../lib/gcc/arm-none-eabi/7.3.1/../../../../arm-none-eabi/lib/thumb/v6-m/libm.a
END GROUP
START GROUP
LOAD /Applications/STM32CubeIDE.app/Contents/Eclipse/plugins/com.st.stm32cube.ide.mcu.externaltools.gnu-tools-for-stm32.7-2018-q2-update.macos64_1.0.0.201904181610/tools/bin/../lib/gcc/arm-none-eabi/7.3.1/thumb/v6-m/libgcc.a
LOAD /Applications/STM32CubeIDE.app/Contents/Eclipse/plugins/com.st.stm32cube.ide.mcu.externaltools.gnu-tools-for-stm32.7-2018-q2-update.macos64_1.0.0.201904181610/tools/bin/../lib/gcc/arm-none-eabi/7.3.1/../../../../arm-none-eabi/lib/thumb/v6-m/libc_nano.a
END GROUP
START GROUP
LOAD /Applications/STM32CubeIDE.app/Contents/Eclipse/plugins/com.st.stm32cube.ide.mcu.externaltools.gnu-tools-for-stm32.7-2018-q2-update.macos64_1.0.0.201904181610/tools/bin/../lib/gcc/arm-none-eabi/7.3.1/thumb/v6-m/libgcc.a
LOAD /Applications/STM32CubeIDE.app/Contents/Eclipse/plugins/com.st.stm32cube.ide.mcu.externaltools.gnu-tools-for-stm32.7-2018-q2-update.macos64_1.0.0.201904181610/tools/bin/../lib/gcc/arm-none-eabi/7.3.1/../../../../arm-none-eabi/lib/thumb/v6-m/libc_nano.a
LOAD /Applications/STM32CubeIDE.app/Contents/Eclipse/plugins/com.st.stm32cube.ide.mcu.externaltools.gnu-tools-for-stm32.7-2018-q2-update.macos64_1.0.0.201904181610/tools/bin/../lib/gcc/arm-none-eabi/7.3.1/../../../../arm-none-eabi/lib/thumb/v6-m/libnosys.a
END GROUP
START GROUP
LOAD /Applications/STM32CubeIDE.app/Contents/Eclipse/plugins/com.st.stm32cube.ide.mcu.externaltools.gnu-tools-for-stm32.7-2018-q2-update.macos64_1.0.0.201904181610/tools/bin/../lib/gcc/arm-none-eabi/7.3.1/thumb/v6-m/libgcc.a
LOAD /Applications/STM32CubeIDE.app/Contents/Eclipse/plugins/com.st.stm32cube.ide.mcu.externaltools.gnu-tools-for-stm32.7-2018-q2-update.macos64_1.0.0.201904181610/tools/bin/../lib/gcc/arm-none-eabi/7.3.1/../../../../arm-none-eabi/lib/thumb/v6-m/libc_nano.a
LOAD /Applications/STM32CubeIDE.app/Contents/Eclipse/plugins/com.st.stm32cube.ide.mcu.externaltools.gnu-tools-for-stm32.7-2018-q2-update.macos64_1.0.0.201904181610/tools/bin/../lib/gcc/arm-none-eabi/7.3.1/../../../../arm-none-eabi/lib/thumb/v6-m/libnosys.a
END GROUP
LOAD /Applications/STM32CubeIDE.app/Contents/Eclipse/plugins/com.st.stm32cube.ide.mcu.externaltools.gnu-tools-for-stm32.7-2018-q2-update.macos64_1.0.0.201904181610/tools/bin/../lib/gcc/arm-none-eabi/7.3.1/thumb/v6-m/crtend.o
LOAD /Applications/STM32CubeIDE.app/Contents/Eclipse/plugins/com.st.stm32cube.ide.mcu.externaltools.gnu-tools-for-stm32.7-2018-q2-update.macos64_1.0.0.201904181610/tools/bin/../lib/gcc/arm-none-eabi/7.3.1/thumb/v6-m/crtn.o
                0x0000000020001800                _estack = (ORIGIN (RAM) + LENGTH (RAM))
                0x0000000000000200                _Min_Heap_Size = 0x200
                0x0000000000000200                _Min_Stack_Size = 0x200

.isr_vector     0x0000000008000000       0xc0
                0x0000000008000000                . = ALIGN (0x4)
 *(.isr_vector)
 .isr_vector    0x0000000008000000       0xc0 Core/Startup/startup_stm32f042f4px.o
                0x0000000008000000                g_pfnVectors
                0x00000000080000c0                . = ALIGN (0x4)

.text           0x00000000080000c0     0x3ca8
                0x00000000080000c0                . = ALIGN (0x4)
 *(.text)
 .text          0x00000000080000c0       0x48 /Applications/STM32CubeIDE.app/Contents/Eclipse/plugins/com.st.stm32cube.ide.mcu.externaltools.gnu-tools-for-stm32.7-2018-q2-update.macos64_1.0.0.201904181610/tools/bin/../lib/gcc/arm-none-eabi/7.3.1/thumb/v6-m/crtbegin.o
 .text          0x0000000008000108       0x14 /Applications/STM32CubeIDE.app/Contents/Eclipse/plugins/com.st.stm32cube.ide.mcu.externaltools.gnu-tools-for-stm32.7-2018-q2-update.macos64_1.0.0.201904181610/tools/bin/../lib/gcc/arm-none-eabi/7.3.1/thumb/v6-m/libgcc.a(_thumb1_case_uqi.o)
                0x0000000008000108                __gnu_thumb1_case_uqi
 .text          0x000000000800011c       0x14 /Applications/STM32CubeIDE.app/Contents/Eclipse/plugins/com.st.stm32cube.ide.mcu.externaltools.gnu-tools-for-stm32.7-2018-q2-update.macos64_1.0.0.201904181610/tools/bin/../lib/gcc/arm-none-eabi/7.3.1/thumb/v6-m/libgcc.a(_thumb1_case_uhi.o)
                0x000000000800011c                __gnu_thumb1_case_uhi
 .text          0x0000000008000130      0x114 /Applications/STM32CubeIDE.app/Contents/Eclipse/plugins/com.st.stm32cube.ide.mcu.externaltools.gnu-tools-for-stm32.7-2018-q2-update.macos64_1.0.0.201904181610/tools/bin/../lib/gcc/arm-none-eabi/7.3.1/thumb/v6-m/libgcc.a(_udivsi3.o)
                0x0000000008000130                __udivsi3
                0x0000000008000130                __aeabi_uidiv
                0x000000000800023c                __aeabi_uidivmod
 .text          0x0000000008000244        0x4 /Applications/STM32CubeIDE.app/Contents/Eclipse/plugins/com.st.stm32cube.ide.mcu.externaltools.gnu-tools-for-stm32.7-2018-q2-update.macos64_1.0.0.201904181610/tools/bin/../lib/gcc/arm-none-eabi/7.3.1/thumb/v6-m/libgcc.a(_dvmd_tls.o)
                0x0000000008000244                __aeabi_ldiv0
                0x0000000008000244                __aeabi_idiv0
 *(.text*)
 .text.SystemClock_Config
                0x0000000008000248       0x64 Core/Src/main.o
                0x0000000008000248                SystemClock_Config
 .text.startup.main
                0x00000000080002ac      0x204 Core/Src/main.o
                0x00000000080002ac                main
 .text.Error_Handler
                0x00000000080004b0        0x2 Core/Src/main.o
                0x00000000080004b0                Error_Handler
 *fill*         0x00000000080004b2        0x2 
 .text.HAL_MspInit
                0x00000000080004b4       0x3c Core/Src/stm32f0xx_hal_msp.o
                0x00000000080004b4                HAL_MspInit
 .text.HAL_I2C_MspInit
                0x00000000080004f0       0x68 Core/Src/stm32f0xx_hal_msp.o
                0x00000000080004f0                HAL_I2C_MspInit
 .text.NMI_Handler
                0x0000000008000558        0x2 Core/Src/stm32f0xx_it.o
                0x0000000008000558                NMI_Handler
 .text.HardFault_Handler
                0x000000000800055a        0x2 Core/Src/stm32f0xx_it.o
                0x000000000800055a                HardFault_Handler
 .text.SVC_Handler
                0x000000000800055c        0x2 Core/Src/stm32f0xx_it.o
                0x000000000800055c                SVC_Handler
 .text.PendSV_Handler
                0x000000000800055e        0x2 Core/Src/stm32f0xx_it.o
                0x000000000800055e                PendSV_Handler
 .text.SysTick_Handler
                0x0000000008000560        0x8 Core/Src/stm32f0xx_it.o
                0x0000000008000560                SysTick_Handler
 .text.USB_IRQHandler
                0x0000000008000568       0x10 Core/Src/stm32f0xx_it.o
                0x0000000008000568                USB_IRQHandler
 .text.SystemInit
                0x0000000008000578        0x2 Core/Src/system_stm32f0xx.o
                0x0000000008000578                SystemInit
 *fill*         0x000000000800057a        0x2 
 .text.Reset_Handler
                0x000000000800057c       0x80 Core/Startup/startup_stm32f042f4px.o
                0x000000000800057c                Reset_Handler
 .text.Default_Handler
                0x00000000080005fc        0x2 Core/Startup/startup_stm32f042f4px.o
                0x00000000080005fc                TIM1_BRK_UP_TRG_COM_IRQHandler
                0x00000000080005fc                TSC_IRQHandler
                0x00000000080005fc                I2C1_IRQHandler
                0x00000000080005fc                RCC_CRS_IRQHandler
                0x00000000080005fc                SPI1_IRQHandler
                0x00000000080005fc                EXTI2_3_IRQHandler
                0x00000000080005fc                ADC1_IRQHandler
                0x00000000080005fc                TIM17_IRQHandler
                0x00000000080005fc                CEC_CAN_IRQHandler
                0x00000000080005fc                RTC_IRQHandler
                0x00000000080005fc                PVD_VDDIO2_IRQHandler
                0x00000000080005fc                TIM16_IRQHandler
                0x00000000080005fc                TIM3_IRQHandler
                0x00000000080005fc                EXTI4_15_IRQHandler
                0x00000000080005fc                DMA1_Channel1_IRQHandler
                0x00000000080005fc                Default_Handler
                0x00000000080005fc                TIM14_IRQHandler
                0x00000000080005fc                DMA1_Channel4_5_IRQHandler
                0x00000000080005fc                EXTI0_1_IRQHandler
                0x00000000080005fc                SPI2_IRQHandler
                0x00000000080005fc                WWDG_IRQHandler
                0x00000000080005fc                TIM2_IRQHandler
                0x00000000080005fc                DMA1_Channel2_3_IRQHandler
                0x00000000080005fc                USART2_IRQHandler
                0x00000000080005fc                FLASH_IRQHandler
                0x00000000080005fc                USART1_IRQHandler
                0x00000000080005fc                TIM1_CC_IRQHandler
 *fill*         0x00000000080005fe        0x2 
 .text.HAL_InitTick
                0x0000000008000600       0x48 Drivers/STM32F0xx_HAL_Driver/Src/stm32f0xx_hal.o
                0x0000000008000600                HAL_InitTick
 .text.HAL_Init
                0x0000000008000648       0x20 Drivers/STM32F0xx_HAL_Driver/Src/stm32f0xx_hal.o
                0x0000000008000648                HAL_Init
 .text.HAL_IncTick
                0x0000000008000668       0x18 Drivers/STM32F0xx_HAL_Driver/Src/stm32f0xx_hal.o
                0x0000000008000668                HAL_IncTick
 .text.HAL_GetTick
                0x0000000008000680        0xc Drivers/STM32F0xx_HAL_Driver/Src/stm32f0xx_hal.o
                0x0000000008000680                HAL_GetTick
 .text.HAL_NVIC_SetPriority
                0x000000000800068c       0x54 Drivers/STM32F0xx_HAL_Driver/Src/stm32f0xx_hal_cortex.o
                0x000000000800068c                HAL_NVIC_SetPriority
 .text.HAL_NVIC_EnableIRQ
                0x00000000080006e0       0x18 Drivers/STM32F0xx_HAL_Driver/Src/stm32f0xx_hal_cortex.o
                0x00000000080006e0                HAL_NVIC_EnableIRQ
 .text.HAL_SYSTICK_Config
                0x00000000080006f8       0x34 Drivers/STM32F0xx_HAL_Driver/Src/stm32f0xx_hal_cortex.o
                0x00000000080006f8                HAL_SYSTICK_Config
 .text.HAL_GPIO_Init
                0x000000000800072c      0x15c Drivers/STM32F0xx_HAL_Driver/Src/stm32f0xx_hal_gpio.o
                0x000000000800072c                HAL_GPIO_Init
 .text.HAL_GPIO_WritePin
                0x0000000008000888        0xc Drivers/STM32F0xx_HAL_Driver/Src/stm32f0xx_hal_gpio.o
                0x0000000008000888                HAL_GPIO_WritePin
 .text.HAL_GPIO_TogglePin
                0x0000000008000894       0x10 Drivers/STM32F0xx_HAL_Driver/Src/stm32f0xx_hal_gpio.o
                0x0000000008000894                HAL_GPIO_TogglePin
 .text.I2C_Flush_TXDR
                0x00000000080008a4       0x1c Drivers/STM32F0xx_HAL_Driver/Src/stm32f0xx_hal_i2c.o
 .text.I2C_TransferConfig
                0x00000000080008c0       0x28 Drivers/STM32F0xx_HAL_Driver/Src/stm32f0xx_hal_i2c.o
 .text.I2C_IsAcknowledgeFailed
                0x00000000080008e8       0x7c Drivers/STM32F0xx_HAL_Driver/Src/stm32f0xx_hal_i2c.o
 .text.I2C_WaitOnSTOPFlagUntilTimeout
                0x0000000008000964       0x50 Drivers/STM32F0xx_HAL_Driver/Src/stm32f0xx_hal_i2c.o
 .text.I2C_WaitOnFlagUntilTimeout
                0x00000000080009b4       0x50 Drivers/STM32F0xx_HAL_Driver/Src/stm32f0xx_hal_i2c.o
 .text.I2C_WaitOnTXISFlagUntilTimeout
                0x0000000008000a04       0x54 Drivers/STM32F0xx_HAL_Driver/Src/stm32f0xx_hal_i2c.o
 .text.I2C_RequestMemoryWrite
                0x0000000008000a58       0x64 Drivers/STM32F0xx_HAL_Driver/Src/stm32f0xx_hal_i2c.o
 .text.I2C_RequestMemoryRead
                0x0000000008000abc       0x64 Drivers/STM32F0xx_HAL_Driver/Src/stm32f0xx_hal_i2c.o
 .text.HAL_I2C_Init
                0x0000000008000b20       0xac Drivers/STM32F0xx_HAL_Driver/Src/stm32f0xx_hal_i2c.o
                0x0000000008000b20                HAL_I2C_Init
 .text.HAL_I2C_Mem_Write
                0x0000000008000bcc      0x16c Drivers/STM32F0xx_HAL_Driver/Src/stm32f0xx_hal_i2c.o
                0x0000000008000bcc                HAL_I2C_Mem_Write
 .text.HAL_I2C_Mem_Read
                0x0000000008000d38      0x17c Drivers/STM32F0xx_HAL_Driver/Src/stm32f0xx_hal_i2c.o
                0x0000000008000d38                HAL_I2C_Mem_Read
 .text.HAL_I2CEx_ConfigAnalogFilter
                0x0000000008000eb4       0x4c Drivers/STM32F0xx_HAL_Driver/Src/stm32f0xx_hal_i2c_ex.o
                0x0000000008000eb4                HAL_I2CEx_ConfigAnalogFilter
 .text.HAL_I2CEx_ConfigDigitalFilter
                0x0000000008000f00       0x48 Drivers/STM32F0xx_HAL_Driver/Src/stm32f0xx_hal_i2c_ex.o
                0x0000000008000f00                HAL_I2CEx_ConfigDigitalFilter
 .text.HAL_PCD_Init
                0x0000000008000f48       0xd8 Drivers/STM32F0xx_HAL_Driver/Src/stm32f0xx_hal_pcd.o
                0x0000000008000f48                HAL_PCD_Init
 .text.HAL_PCD_Start
                0x0000000008001020       0x26 Drivers/STM32F0xx_HAL_Driver/Src/stm32f0xx_hal_pcd.o
                0x0000000008001020                HAL_PCD_Start
 .text.HAL_PCD_SetAddress
                0x0000000008001046       0x24 Drivers/STM32F0xx_HAL_Driver/Src/stm32f0xx_hal_pcd.o
                0x0000000008001046                HAL_PCD_SetAddress
 *fill*         0x000000000800106a        0x2 
 .text.HAL_PCD_IRQHandler
                0x000000000800106c      0x88c Drivers/STM32F0xx_HAL_Driver/Src/stm32f0xx_hal_pcd.o
                0x000000000800106c                HAL_PCD_IRQHandler
 .text.HAL_PCD_EP_Open
                0x00000000080018f8       0x62 Drivers/STM32F0xx_HAL_Driver/Src/stm32f0xx_hal_pcd.o
                0x00000000080018f8                HAL_PCD_EP_Open
 .text.HAL_PCD_EP_Close
                0x000000000800195a       0x4e Drivers/STM32F0xx_HAL_Driver/Src/stm32f0xx_hal_pcd.o
                0x000000000800195a                HAL_PCD_EP_Close
 .text.HAL_PCD_EP_Receive
                0x00000000080019a8       0x42 Drivers/STM32F0xx_HAL_Driver/Src/stm32f0xx_hal_pcd.o
                0x00000000080019a8                HAL_PCD_EP_Receive
 .text.HAL_PCD_EP_GetRxCount
                0x00000000080019ea       0x12 Drivers/STM32F0xx_HAL_Driver/Src/stm32f0xx_hal_pcd.o
                0x00000000080019ea                HAL_PCD_EP_GetRxCount
 .text.HAL_PCD_EP_Transmit
                0x00000000080019fc       0x3a Drivers/STM32F0xx_HAL_Driver/Src/stm32f0xx_hal_pcd.o
                0x00000000080019fc                HAL_PCD_EP_Transmit
 .text.HAL_PCD_EP_SetStall
                0x0000000008001a36       0x56 Drivers/STM32F0xx_HAL_Driver/Src/stm32f0xx_hal_pcd.o
                0x0000000008001a36                HAL_PCD_EP_SetStall
 .text.HAL_PCD_EP_ClrStall
                0x0000000008001a8c       0x5c Drivers/STM32F0xx_HAL_Driver/Src/stm32f0xx_hal_pcd.o
                0x0000000008001a8c                HAL_PCD_EP_ClrStall
 .text.HAL_PCDEx_PMAConfig
                0x0000000008001ae8       0x36 Drivers/STM32F0xx_HAL_Driver/Src/stm32f0xx_hal_pcd_ex.o
                0x0000000008001ae8                HAL_PCDEx_PMAConfig
 .text.HAL_PCDEx_ActivateLPM
                0x0000000008001b1e       0x28 Drivers/STM32F0xx_HAL_Driver/Src/stm32f0xx_hal_pcd_ex.o
                0x0000000008001b1e                HAL_PCDEx_ActivateLPM
 .text.HAL_PCDEx_LPM_Callback
                0x0000000008001b46        0x2 Drivers/STM32F0xx_HAL_Driver/Src/stm32f0xx_hal_pcd_ex.o
                0x0000000008001b46                HAL_PCDEx_LPM_Callback
 .text.HAL_RCC_OscConfig
                0x0000000008001b48      0x4a0 Drivers/STM32F0xx_HAL_Driver/Src/stm32f0xx_hal_rcc.o
                0x0000000008001b48                HAL_RCC_OscConfig
 .text.HAL_RCC_GetSysClockFreq
                0x0000000008001fe8       0x84 Drivers/STM32F0xx_HAL_Driver/Src/stm32f0xx_hal_rcc.o
                0x0000000008001fe8                HAL_RCC_GetSysClockFreq
 .text.HAL_RCC_ClockConfig
                0x000000000800206c      0x118 Drivers/STM32F0xx_HAL_Driver/Src/stm32f0xx_hal_rcc.o
                0x000000000800206c                HAL_RCC_ClockConfig
 .text.HAL_RCCEx_PeriphCLKConfig
                0x0000000008002184      0x12c Drivers/STM32F0xx_HAL_Driver/Src/stm32f0xx_hal_rcc_ex.o
                0x0000000008002184                HAL_RCCEx_PeriphCLKConfig
 .text.USB_EnableGlobalInt
                0x00000000080022b0       0x14 Drivers/STM32F0xx_HAL_Driver/Src/stm32f0xx_ll_usb.o
                0x00000000080022b0                USB_EnableGlobalInt
 .text.USB_DisableGlobalInt
                0x00000000080022c4       0x14 Drivers/STM32F0xx_HAL_Driver/Src/stm32f0xx_ll_usb.o
                0x00000000080022c4                USB_DisableGlobalInt
 .text.USB_DevInit
                0x00000000080022d8       0x20 Drivers/STM32F0xx_HAL_Driver/Src/stm32f0xx_ll_usb.o
                0x00000000080022d8                USB_DevInit
 .text.USB_ActivateEndpoint
                0x00000000080022f8      0x25c Drivers/STM32F0xx_HAL_Driver/Src/stm32f0xx_ll_usb.o
                0x00000000080022f8                USB_ActivateEndpoint
 .text.USB_DeactivateEndpoint
                0x0000000008002554      0x12c Drivers/STM32F0xx_HAL_Driver/Src/stm32f0xx_ll_usb.o
                0x0000000008002554                USB_DeactivateEndpoint
 .text.USB_EPSetStall
                0x0000000008002680       0x3c Drivers/STM32F0xx_HAL_Driver/Src/stm32f0xx_ll_usb.o
                0x0000000008002680                USB_EPSetStall
 .text.USB_EPClearStall
                0x00000000080026bc       0x84 Drivers/STM32F0xx_HAL_Driver/Src/stm32f0xx_ll_usb.o
                0x00000000080026bc                USB_EPClearStall
 .text.USB_SetDevAddress
                0x0000000008002740        0xe Drivers/STM32F0xx_HAL_Driver/Src/stm32f0xx_ll_usb.o
                0x0000000008002740                USB_SetDevAddress
 .text.USB_DevConnect
                0x000000000800274e       0x10 Drivers/STM32F0xx_HAL_Driver/Src/stm32f0xx_ll_usb.o
                0x000000000800274e                USB_DevConnect
 .text.USB_ReadInterrupts
                0x000000000800275e        0x8 Drivers/STM32F0xx_HAL_Driver/Src/stm32f0xx_ll_usb.o
                0x000000000800275e                USB_ReadInterrupts
 .text.USB_WritePMA
                0x0000000008002766       0x28 Drivers/STM32F0xx_HAL_Driver/Src/stm32f0xx_ll_usb.o
                0x0000000008002766                USB_WritePMA
 *fill*         0x000000000800278e        0x2 
 .text.USB_EPStartXfer
                0x0000000008002790      0x598 Drivers/STM32F0xx_HAL_Driver/Src/stm32f0xx_ll_usb.o
                0x0000000008002790                USB_EPStartXfer
 .text.USB_ReadPMA
                0x0000000008002d28       0x38 Drivers/STM32F0xx_HAL_Driver/Src/stm32f0xx_ll_usb.o
                0x0000000008002d28                USB_ReadPMA
 .text.USBD_CDC_EP0_RxReady
                0x0000000008002d60       0x34 Middlewares/ST/STM32_USB_Device_Library/Class/CDC/Src/usbd_cdc.o
 .text.USBD_CDC_GetFSCfgDesc
                0x0000000008002d94        0xc Middlewares/ST/STM32_USB_Device_Library/Class/CDC/Src/usbd_cdc.o
 .text.USBD_CDC_GetHSCfgDesc
                0x0000000008002da0        0xc Middlewares/ST/STM32_USB_Device_Library/Class/CDC/Src/usbd_cdc.o
 .text.USBD_CDC_GetOtherSpeedCfgDesc
                0x0000000008002dac        0xc Middlewares/ST/STM32_USB_Device_Library/Class/CDC/Src/usbd_cdc.o
 .text.USBD_CDC_GetDeviceQualifierDescriptor
                0x0000000008002db8        0xc Middlewares/ST/STM32_USB_Device_Library/Class/CDC/Src/usbd_cdc.o
                0x0000000008002db8                USBD_CDC_GetDeviceQualifierDescriptor
 .text.USBD_CDC_DataOut
                0x0000000008002dc4       0x34 Middlewares/ST/STM32_USB_Device_Library/Class/CDC/Src/usbd_cdc.o
 .text.USBD_CDC_DataIn
                0x0000000008002df8       0x54 Middlewares/ST/STM32_USB_Device_Library/Class/CDC/Src/usbd_cdc.o
 .text.USBD_CDC_Setup
                0x0000000008002e4c       0xbc Middlewares/ST/STM32_USB_Device_Library/Class/CDC/Src/usbd_cdc.o
 .text.USBD_CDC_DeInit
                0x0000000008002f08       0x46 Middlewares/ST/STM32_USB_Device_Library/Class/CDC/Src/usbd_cdc.o
 .text.USBD_CDC_Init
                0x0000000008002f4e       0xa8 Middlewares/ST/STM32_USB_Device_Library/Class/CDC/Src/usbd_cdc.o
 .text.USBD_CDC_RegisterInterface
                0x0000000008002ff6       0x12 Middlewares/ST/STM32_USB_Device_Library/Class/CDC/Src/usbd_cdc.o
                0x0000000008002ff6                USBD_CDC_RegisterInterface
 .text.USBD_CDC_SetTxBuffer
                0x0000000008003008       0x16 Middlewares/ST/STM32_USB_Device_Library/Class/CDC/Src/usbd_cdc.o
                0x0000000008003008                USBD_CDC_SetTxBuffer
 .text.USBD_CDC_SetRxBuffer
                0x000000000800301e        0xe Middlewares/ST/STM32_USB_Device_Library/Class/CDC/Src/usbd_cdc.o
                0x000000000800301e                USBD_CDC_SetRxBuffer
 .text.USBD_CDC_TransmitPacket
                0x000000000800302c       0x38 Middlewares/ST/STM32_USB_Device_Library/Class/CDC/Src/usbd_cdc.o
                0x000000000800302c                USBD_CDC_TransmitPacket
 .text.USBD_CDC_ReceivePacket
                0x0000000008003064       0x30 Middlewares/ST/STM32_USB_Device_Library/Class/CDC/Src/usbd_cdc.o
                0x0000000008003064                USBD_CDC_ReceivePacket
 .text.USBD_Init
                0x0000000008003094       0x34 Middlewares/ST/STM32_USB_Device_Library/Core/Src/usbd_core.o
                0x0000000008003094                USBD_Init
 .text.USBD_RegisterClass
                0x00000000080030c8       0x12 Middlewares/ST/STM32_USB_Device_Library/Core/Src/usbd_core.o
                0x00000000080030c8                USBD_RegisterClass
 .text.USBD_Start
                0x00000000080030da        0xa Middlewares/ST/STM32_USB_Device_Library/Core/Src/usbd_core.o
                0x00000000080030da                USBD_Start
 .text.USBD_SetClassConfig
                0x00000000080030e4       0x1a Middlewares/ST/STM32_USB_Device_Library/Core/Src/usbd_core.o
                0x00000000080030e4                USBD_SetClassConfig
 .text.USBD_ClrClassConfig
                0x00000000080030fe       0x10 Middlewares/ST/STM32_USB_Device_Library/Core/Src/usbd_core.o
                0x00000000080030fe                USBD_ClrClassConfig
 *fill*         0x000000000800310e        0x2 
 .text.USBD_LL_SetupStage
                0x0000000008003110       0x64 Middlewares/ST/STM32_USB_Device_Library/Core/Src/usbd_core.o
                0x0000000008003110                USBD_LL_SetupStage
 .text.USBD_LL_DataOutStage
                0x0000000008003174       0x88 Middlewares/ST/STM32_USB_Device_Library/Core/Src/usbd_core.o
                0x0000000008003174                USBD_LL_DataOutStage
 .text.USBD_LL_DataInStage
                0x00000000080031fc       0xc6 Middlewares/ST/STM32_USB_Device_Library/Core/Src/usbd_core.o
                0x00000000080031fc                USBD_LL_DataInStage
 .text.USBD_LL_Reset
                0x00000000080032c2       0x54 Middlewares/ST/STM32_USB_Device_Library/Core/Src/usbd_core.o
                0x00000000080032c2                USBD_LL_Reset
 .text.USBD_LL_SetSpeed
                0x0000000008003316        0x6 Middlewares/ST/STM32_USB_Device_Library/Core/Src/usbd_core.o
                0x0000000008003316                USBD_LL_SetSpeed
 .text.USBD_LL_Suspend
                0x000000000800331c       0x18 Middlewares/ST/STM32_USB_Device_Library/Core/Src/usbd_core.o
                0x000000000800331c                USBD_LL_Suspend
 .text.USBD_LL_Resume
                0x0000000008003334       0x18 Middlewares/ST/STM32_USB_Device_Library/Core/Src/usbd_core.o
                0x0000000008003334                USBD_LL_Resume
 .text.USBD_LL_SOF
                0x000000000800334c       0x1e Middlewares/ST/STM32_USB_Device_Library/Core/Src/usbd_core.o
                0x000000000800334c                USBD_LL_SOF
 .text.USBD_CtlError.constprop.1
                0x000000000800336a       0x14 Middlewares/ST/STM32_USB_Device_Library/Core/Src/usbd_ctlreq.o
 *fill*         0x000000000800337e        0x2 
 .text.USBD_StdDevReq
                0x0000000008003380      0x25c Middlewares/ST/STM32_USB_Device_Library/Core/Src/usbd_ctlreq.o
                0x0000000008003380                USBD_StdDevReq
 .text.USBD_StdItfReq
                0x00000000080035dc       0x54 Middlewares/ST/STM32_USB_Device_Library/Core/Src/usbd_ctlreq.o
                0x00000000080035dc                USBD_StdItfReq
 .text.USBD_StdEPReq
                0x0000000008003630      0x126 Middlewares/ST/STM32_USB_Device_Library/Core/Src/usbd_ctlreq.o
                0x0000000008003630                USBD_StdEPReq
 .text.USBD_ParseSetupRequest
                0x0000000008003756       0x28 Middlewares/ST/STM32_USB_Device_Library/Core/Src/usbd_ctlreq.o
                0x0000000008003756                USBD_ParseSetupRequest
 .text.USBD_CtlError
                0x000000000800377e       0x14 Middlewares/ST/STM32_USB_Device_Library/Core/Src/usbd_ctlreq.o
                0x000000000800377e                USBD_CtlError
 .text.USBD_GetString
                0x0000000008003792       0x3a Middlewares/ST/STM32_USB_Device_Library/Core/Src/usbd_ctlreq.o
                0x0000000008003792                USBD_GetString
 .text.USBD_CtlSendData
                0x00000000080037cc       0x1c Middlewares/ST/STM32_USB_Device_Library/Core/Src/usbd_ioreq.o
                0x00000000080037cc                USBD_CtlSendData
 .text.USBD_CtlContinueSendData
                0x00000000080037e8       0x10 Middlewares/ST/STM32_USB_Device_Library/Core/Src/usbd_ioreq.o
                0x00000000080037e8                USBD_CtlContinueSendData
 .text.USBD_CtlPrepareRx
                0x00000000080037f8       0x20 Middlewares/ST/STM32_USB_Device_Library/Core/Src/usbd_ioreq.o
                0x00000000080037f8                USBD_CtlPrepareRx
 .text.USBD_CtlContinueRx
                0x0000000008003818       0x10 Middlewares/ST/STM32_USB_Device_Library/Core/Src/usbd_ioreq.o
                0x0000000008003818                USBD_CtlContinueRx
 .text.USBD_CtlSendStatus
                0x0000000008003828       0x18 Middlewares/ST/STM32_USB_Device_Library/Core/Src/usbd_ioreq.o
                0x0000000008003828                USBD_CtlSendStatus
 .text.USBD_CtlReceiveStatus
                0x0000000008003840       0x18 Middlewares/ST/STM32_USB_Device_Library/Core/Src/usbd_ioreq.o
                0x0000000008003840                USBD_CtlReceiveStatus
 .text.MX_USB_DEVICE_Init
                0x0000000008003858       0x58 USB_DEVICE/App/usb_device.o
                0x0000000008003858                MX_USB_DEVICE_Init
 .text.CDC_DeInit_FS
                0x00000000080038b0        0x4 USB_DEVICE/App/usbd_cdc_if.o
 .text.CDC_Control_FS
                0x00000000080038b4        0x4 USB_DEVICE/App/usbd_cdc_if.o
 .text.CDC_Receive_FS
                0x00000000080038b8       0x1c USB_DEVICE/App/usbd_cdc_if.o
 .text.CDC_Init_FS
                0x00000000080038d4       0x28 USB_DEVICE/App/usbd_cdc_if.o
 .text.CDC_Transmit_FS
                0x00000000080038fc       0x2c USB_DEVICE/App/usbd_cdc_if.o
                0x00000000080038fc                CDC_Transmit_FS
 .text.USBD_FS_DeviceDescriptor
                0x0000000008003928        0xc USB_DEVICE/App/usbd_desc.o
                0x0000000008003928                USBD_FS_DeviceDescriptor
 .text.USBD_FS_LangIDStrDescriptor
                0x0000000008003934        0xc USB_DEVICE/App/usbd_desc.o
                0x0000000008003934                USBD_FS_LangIDStrDescriptor
 .text.IntToUnicode
                0x0000000008003940       0x2a USB_DEVICE/App/usbd_desc.o
 *fill*         0x000000000800396a        0x2 
 .text.USBD_FS_SerialStrDescriptor
                0x000000000800396c       0x44 USB_DEVICE/App/usbd_desc.o
                0x000000000800396c                USBD_FS_SerialStrDescriptor
 .text.USBD_FS_ManufacturerStrDescriptor
                0x00000000080039b0       0x1c USB_DEVICE/App/usbd_desc.o
                0x00000000080039b0                USBD_FS_ManufacturerStrDescriptor
 .text.USBD_FS_ProductStrDescriptor
                0x00000000080039cc       0x1c USB_DEVICE/App/usbd_desc.o
                0x00000000080039cc                USBD_FS_ProductStrDescriptor
 .text.USBD_FS_ConfigStrDescriptor
                0x00000000080039e8       0x1c USB_DEVICE/App/usbd_desc.o
                0x00000000080039e8                USBD_FS_ConfigStrDescriptor
 .text.USBD_FS_InterfaceStrDescriptor
                0x0000000008003a04       0x1c USB_DEVICE/App/usbd_desc.o
                0x0000000008003a04                USBD_FS_InterfaceStrDescriptor
 .text.HAL_PCD_MspInit
                0x0000000008003a20       0x38 USB_DEVICE/Target/usbd_conf.o
                0x0000000008003a20                HAL_PCD_MspInit
 .text.HAL_PCD_SetupStageCallback
                0x0000000008003a58       0x12 USB_DEVICE/Target/usbd_conf.o
                0x0000000008003a58                HAL_PCD_SetupStageCallback
 .text.HAL_PCD_DataOutStageCallback
                0x0000000008003a6a       0x1a USB_DEVICE/Target/usbd_conf.o
                0x0000000008003a6a                HAL_PCD_DataOutStageCallback
 .text.HAL_PCD_DataInStageCallback
                0x0000000008003a84       0x16 USB_DEVICE/Target/usbd_conf.o
                0x0000000008003a84                HAL_PCD_DataInStageCallback
 .text.HAL_PCD_SOFCallback
                0x0000000008003a9a        0xe USB_DEVICE/Target/usbd_conf.o
                0x0000000008003a9a                HAL_PCD_SOFCallback
 .text.HAL_PCD_ResetCallback
                0x0000000008003aa8       0x22 USB_DEVICE/Target/usbd_conf.o
                0x0000000008003aa8                HAL_PCD_ResetCallback
 *fill*         0x0000000008003aca        0x2 
 .text.HAL_PCD_SuspendCallback
                0x0000000008003acc       0x24 USB_DEVICE/Target/usbd_conf.o
                0x0000000008003acc                HAL_PCD_SuspendCallback
 .text.HAL_PCD_ResumeCallback
                0x0000000008003af0       0x28 USB_DEVICE/Target/usbd_conf.o
                0x0000000008003af0                HAL_PCD_ResumeCallback
 .text.USBD_LL_Init
                0x0000000008003b18       0x80 USB_DEVICE/Target/usbd_conf.o
                0x0000000008003b18                USBD_LL_Init
 .text.USBD_LL_Start
                0x0000000008003b98       0x20 USB_DEVICE/Target/usbd_conf.o
                0x0000000008003b98                USBD_LL_Start
 .text.USBD_LL_OpenEP
                0x0000000008003bb8       0x24 USB_DEVICE/Target/usbd_conf.o
                0x0000000008003bb8                USBD_LL_OpenEP
 .text.USBD_LL_CloseEP
                0x0000000008003bdc       0x20 USB_DEVICE/Target/usbd_conf.o
                0x0000000008003bdc                USBD_LL_CloseEP
 .text.USBD_LL_StallEP
                0x0000000008003bfc       0x20 USB_DEVICE/Target/usbd_conf.o
                0x0000000008003bfc                USBD_LL_StallEP
 .text.USBD_LL_ClearStallEP
                0x0000000008003c1c       0x20 USB_DEVICE/Target/usbd_conf.o
                0x0000000008003c1c                USBD_LL_ClearStallEP
 .text.USBD_LL_IsStallEP
                0x0000000008003c3c       0x2a USB_DEVICE/Target/usbd_conf.o
                0x0000000008003c3c                USBD_LL_IsStallEP
 *fill*         0x0000000008003c66        0x2 
 .text.USBD_LL_SetUSBAddress
                0x0000000008003c68       0x20 USB_DEVICE/Target/usbd_conf.o
                0x0000000008003c68                USBD_LL_SetUSBAddress
 .text.USBD_LL_Transmit
                0x0000000008003c88       0x20 USB_DEVICE/Target/usbd_conf.o
                0x0000000008003c88                USBD_LL_Transmit
 .text.USBD_LL_PrepareReceive
                0x0000000008003ca8       0x20 USB_DEVICE/Target/usbd_conf.o
                0x0000000008003ca8                USBD_LL_PrepareReceive
 .text.USBD_LL_GetRxDataSize
                0x0000000008003cc8        0xe USB_DEVICE/Target/usbd_conf.o
                0x0000000008003cc8                USBD_LL_GetRxDataSize
 *fill*         0x0000000008003cd6        0x2 
 .text.USBD_static_malloc
                0x0000000008003cd8        0x8 USB_DEVICE/Target/usbd_conf.o
                0x0000000008003cd8                USBD_static_malloc
 .text.USBD_static_free
                0x0000000008003ce0        0x2 USB_DEVICE/Target/usbd_conf.o
                0x0000000008003ce0                USBD_static_free
 *fill*         0x0000000008003ce2        0x2 
 .text.__libc_init_array
                0x0000000008003ce4       0x48 /Applications/STM32CubeIDE.app/Contents/Eclipse/plugins/com.st.stm32cube.ide.mcu.externaltools.gnu-tools-for-stm32.7-2018-q2-update.macos64_1.0.0.201904181610/tools/bin/../lib/gcc/arm-none-eabi/7.3.1/../../../../arm-none-eabi/lib/thumb/v6-m/libc_nano.a(lib_a-init.o)
                0x0000000008003ce4                __libc_init_array
 .text.memcpy   0x0000000008003d2c       0x12 /Applications/STM32CubeIDE.app/Contents/Eclipse/plugins/com.st.stm32cube.ide.mcu.externaltools.gnu-tools-for-stm32.7-2018-q2-update.macos64_1.0.0.201904181610/tools/bin/../lib/gcc/arm-none-eabi/7.3.1/../../../../arm-none-eabi/lib/thumb/v6-m/libc_nano.a(lib_a-memcpy-stub.o)
                0x0000000008003d2c                memcpy
 .text.memset   0x0000000008003d3e       0x10 /Applications/STM32CubeIDE.app/Contents/Eclipse/plugins/com.st.stm32cube.ide.mcu.externaltools.gnu-tools-for-stm32.7-2018-q2-update.macos64_1.0.0.201904181610/tools/bin/../lib/gcc/arm-none-eabi/7.3.1/../../../../arm-none-eabi/lib/thumb/v6-m/libc_nano.a(lib_a-memset.o)
                0x0000000008003d3e                memset
 *(.glue_7)
 .glue_7        0x0000000008003d4e        0x0 linker stubs
 *(.glue_7t)
 .glue_7t       0x0000000008003d4e        0x0 linker stubs
 *(.eh_frame)
 *fill*         0x0000000008003d4e        0x2 
 .eh_frame      0x0000000008003d50        0x0 /Applications/STM32CubeIDE.app/Contents/Eclipse/plugins/com.st.stm32cube.ide.mcu.externaltools.gnu-tools-for-stm32.7-2018-q2-update.macos64_1.0.0.201904181610/tools/bin/../lib/gcc/arm-none-eabi/7.3.1/thumb/v6-m/crtbegin.o
 *(.init)
 .init          0x0000000008003d50        0x4 /Applications/STM32CubeIDE.app/Contents/Eclipse/plugins/com.st.stm32cube.ide.mcu.externaltools.gnu-tools-for-stm32.7-2018-q2-update.macos64_1.0.0.201904181610/tools/bin/../lib/gcc/arm-none-eabi/7.3.1/thumb/v6-m/crti.o
                0x0000000008003d50                _init
 .init          0x0000000008003d54        0x8 /Applications/STM32CubeIDE.app/Contents/Eclipse/plugins/com.st.stm32cube.ide.mcu.externaltools.gnu-tools-for-stm32.7-2018-q2-update.macos64_1.0.0.201904181610/tools/bin/../lib/gcc/arm-none-eabi/7.3.1/thumb/v6-m/crtn.o
 *(.fini)
 .fini          0x0000000008003d5c        0x4 /Applications/STM32CubeIDE.app/Contents/Eclipse/plugins/com.st.stm32cube.ide.mcu.externaltools.gnu-tools-for-stm32.7-2018-q2-update.macos64_1.0.0.201904181610/tools/bin/../lib/gcc/arm-none-eabi/7.3.1/thumb/v6-m/crti.o
                0x0000000008003d5c                _fini
 .fini          0x0000000008003d60        0x8 /Applications/STM32CubeIDE.app/Contents/Eclipse/plugins/com.st.stm32cube.ide.mcu.externaltools.gnu-tools-for-stm32.7-2018-q2-update.macos64_1.0.0.201904181610/tools/bin/../lib/gcc/arm-none-eabi/7.3.1/thumb/v6-m/crtn.o
                0x0000000008003d68                . = ALIGN (0x4)
                0x0000000008003d68                _etext = .

.vfp11_veneer   0x0000000008003d68        0x0
 .vfp11_veneer  0x0000000008003d68        0x0 linker stubs

.v4_bx          0x0000000008003d68        0x0
 .v4_bx         0x0000000008003d68        0x0 linker stubs

.iplt           0x0000000008003d68        0x0
 .iplt          0x0000000008003d68        0x0 /Applications/STM32CubeIDE.app/Contents/Eclipse/plugins/com.st.stm32cube.ide.mcu.externaltools.gnu-tools-for-stm32.7-2018-q2-update.macos64_1.0.0.201904181610/tools/bin/../lib/gcc/arm-none-eabi/7.3.1/thumb/v6-m/crtbegin.o

.rodata         0x0000000008003d68       0x78
                0x0000000008003d68                . = ALIGN (0x4)
 *(.rodata)
 .rodata        0x0000000008003d68       0x20 Drivers/STM32F0xx_HAL_Driver/Src/stm32f0xx_hal_rcc.o
 *(.rodata*)
 .rodata.AHBPrescTable
                0x0000000008003d88       0x10 Core/Src/system_stm32f0xx.o
                0x0000000008003d88                AHBPrescTable
 .rodata.USBD_FS_ConfigStrDescriptor.str1.1
                0x0000000008003d98        0xb USB_DEVICE/App/usbd_desc.o
 .rodata.USBD_FS_InterfaceStrDescriptor.str1.1
                0x0000000008003da3        0xe USB_DEVICE/App/usbd_desc.o
 .rodata.USBD_FS_ManufacturerStrDescriptor.str1.1
                0x0000000008003db1       0x13 USB_DEVICE/App/usbd_desc.o
 .rodata.USBD_FS_ProductStrDescriptor.str1.1
                0x0000000008003dc4       0x16 USB_DEVICE/App/usbd_desc.o
 .rodata.CSWTCH.3
                0x0000000008003dda        0x4 USB_DEVICE/Target/usbd_conf.o
                0x0000000008003de0                . = ALIGN (0x4)
 *fill*         0x0000000008003dde        0x2 

.rel.dyn        0x0000000008003de0        0x0
 .rel.iplt      0x0000000008003de0        0x0 /Applications/STM32CubeIDE.app/Contents/Eclipse/plugins/com.st.stm32cube.ide.mcu.externaltools.gnu-tools-for-stm32.7-2018-q2-update.macos64_1.0.0.201904181610/tools/bin/../lib/gcc/arm-none-eabi/7.3.1/thumb/v6-m/crtbegin.o

.ARM.extab      0x0000000008003de0        0x0
                0x0000000008003de0                . = ALIGN (0x4)
 *(.ARM.extab* .gnu.linkonce.armextab.*)
                0x0000000008003de0                . = ALIGN (0x4)

.ARM            0x0000000008003de0        0x0
                0x0000000008003de0                . = ALIGN (0x4)
                0x0000000008003de0                __exidx_start = .
 *(.ARM.exidx*)
                0x0000000008003de0                __exidx_end = .
                0x0000000008003de0                . = ALIGN (0x4)

.preinit_array  0x0000000008003de0        0x0
                0x0000000008003de0                . = ALIGN (0x4)
                0x0000000008003de0                PROVIDE (__preinit_array_start = .)
 *(.preinit_array*)
                0x0000000008003de0                PROVIDE (__preinit_array_end = .)
                0x0000000008003de0                . = ALIGN (0x4)

.init_array     0x0000000008003de0        0x4
                0x0000000008003de0                . = ALIGN (0x4)
                0x0000000008003de0                PROVIDE (__init_array_start = .)
 *(SORT_BY_NAME(.init_array.*))
 *(.init_array*)
 .init_array    0x0000000008003de0        0x4 /Applications/STM32CubeIDE.app/Contents/Eclipse/plugins/com.st.stm32cube.ide.mcu.externaltools.gnu-tools-for-stm32.7-2018-q2-update.macos64_1.0.0.201904181610/tools/bin/../lib/gcc/arm-none-eabi/7.3.1/thumb/v6-m/crtbegin.o
                0x0000000008003de4                PROVIDE (__init_array_end = .)
                0x0000000008003de4                . = ALIGN (0x4)

.fini_array     0x0000000008003de4        0x4
                0x0000000008003de4                . = ALIGN (0x4)
                [!provide]                        PROVIDE (__fini_array_start = .)
 *(SORT_BY_NAME(.fini_array.*))
 *(.fini_array*)
 .fini_array    0x0000000008003de4        0x4 /Applications/STM32CubeIDE.app/Contents/Eclipse/plugins/com.st.stm32cube.ide.mcu.externaltools.gnu-tools-for-stm32.7-2018-q2-update.macos64_1.0.0.201904181610/tools/bin/../lib/gcc/arm-none-eabi/7.3.1/thumb/v6-m/crtbegin.o
                [!provide]                        PROVIDE (__fini_array_end = .)
                0x0000000008003de8                . = ALIGN (0x4)
                0x0000000008003de8                _sidata = LOADADDR (.data)

.data           0x0000000020000000      0x184 load address 0x0000000008003de8
                0x0000000020000000                . = ALIGN (0x4)
                0x0000000020000000                _sdata = .
 *(.data)
 *(.data*)
 .data.CAP_SETUP_SETTINGS
                0x0000000020000000        0x4 Core/Src/main.o
                0x0000000020000000                CAP_SETUP_SETTINGS
 .data.EXC_SETUP_SETTINGS
                0x0000000020000004        0x4 Core/Src/main.o
                0x0000000020000004                EXC_SETUP_SETTINGS
 .data.SystemCoreClock
                0x0000000020000008        0x4 Core/Src/system_stm32f0xx.o
                0x0000000020000008                SystemCoreClock
 .data.uwTickFreq
                0x000000002000000c        0x1 Drivers/STM32F0xx_HAL_Driver/Src/stm32f0xx_hal.o
                0x000000002000000c                uwTickFreq
 *fill*         0x000000002000000d        0x3 
 .data.uwTickPrio
                0x0000000020000010        0x4 Drivers/STM32F0xx_HAL_Driver/Src/stm32f0xx_hal.o
                0x0000000020000010                uwTickPrio
 .data.USBD_CDC
                0x0000000020000014       0x38 Middlewares/ST/STM32_USB_Device_Library/Class/CDC/Src/usbd_cdc.o
                0x0000000020000014                USBD_CDC
 .data.USBD_CDC_CfgFSDesc
                0x000000002000004c       0x43 Middlewares/ST/STM32_USB_Device_Library/Class/CDC/Src/usbd_cdc.o
                0x000000002000004c                USBD_CDC_CfgFSDesc
 *fill*         0x000000002000008f        0x1 
 .data.USBD_CDC_CfgHSDesc
                0x0000000020000090       0x43 Middlewares/ST/STM32_USB_Device_Library/Class/CDC/Src/usbd_cdc.o
                0x0000000020000090                USBD_CDC_CfgHSDesc
 *fill*         0x00000000200000d3        0x1 
 .data.USBD_CDC_DeviceQualifierDesc
                0x00000000200000d4        0xa Middlewares/ST/STM32_USB_Device_Library/Class/CDC/Src/usbd_cdc.o
 *fill*         0x00000000200000de        0x2 
 .data.USBD_CDC_OtherSpeedCfgDesc
                0x00000000200000e0       0x43 Middlewares/ST/STM32_USB_Device_Library/Class/CDC/Src/usbd_cdc.o
                0x00000000200000e0                USBD_CDC_OtherSpeedCfgDesc
 *fill*         0x0000000020000123        0x1 
 .data.USBD_Interface_fops_FS
                0x0000000020000124       0x10 USB_DEVICE/App/usbd_cdc_if.o
                0x0000000020000124                USBD_Interface_fops_FS
 .data.FS_Desc  0x0000000020000134       0x1c USB_DEVICE/App/usbd_desc.o
                0x0000000020000134                FS_Desc
 .data.USBD_FS_DeviceDesc
                0x0000000020000150       0x12 USB_DEVICE/App/usbd_desc.o
                0x0000000020000150                USBD_FS_DeviceDesc
 *fill*         0x0000000020000162        0x2 
 .data.USBD_LangIDDesc
                0x0000000020000164        0x4 USB_DEVICE/App/usbd_desc.o
                0x0000000020000164                USBD_LangIDDesc
 .data.USBD_StringSerial
                0x0000000020000168       0x1a USB_DEVICE/App/usbd_desc.o
                0x0000000020000168                USBD_StringSerial
                0x0000000020000184                . = ALIGN (0x4)
 *fill*         0x0000000020000182        0x2 
                0x0000000020000184                _edata = .

.igot.plt       0x0000000020000184        0x0 load address 0x0000000008003f6c
 .igot.plt      0x0000000020000184        0x0 /Applications/STM32CubeIDE.app/Contents/Eclipse/plugins/com.st.stm32cube.ide.mcu.externaltools.gnu-tools-for-stm32.7-2018-q2-update.macos64_1.0.0.201904181610/tools/bin/../lib/gcc/arm-none-eabi/7.3.1/thumb/v6-m/crtbegin.o
                0x0000000020000184                . = ALIGN (0x4)

.bss            0x0000000020000184     0x1218 load address 0x0000000008003f6c
                0x0000000020000184                _sbss = .
                0x0000000020000184                __bss_start__ = _sbss
 *(.bss)
 .bss           0x0000000020000184       0x1c /Applications/STM32CubeIDE.app/Contents/Eclipse/plugins/com.st.stm32cube.ide.mcu.externaltools.gnu-tools-for-stm32.7-2018-q2-update.macos64_1.0.0.201904181610/tools/bin/../lib/gcc/arm-none-eabi/7.3.1/thumb/v6-m/crtbegin.o
 *(.bss*)
 .bss.cfgidx.7700
                0x00000000200001a0        0x1 Middlewares/ST/STM32_USB_Device_Library/Core/Src/usbd_ctlreq.o
 *fill*         0x00000000200001a1        0x3 
 .bss.mem.7769  0x00000000200001a4      0x220 USB_DEVICE/Target/usbd_conf.o
 *(COMMON)
 COMMON         0x00000000200003c4       0x4c Core/Src/main.o
                0x00000000200003c4                hi2c1
 COMMON         0x0000000020000410        0x4 Drivers/STM32F0xx_HAL_Driver/Src/stm32f0xx_hal.o
                0x0000000020000410                uwTick
 COMMON         0x0000000020000414      0x2c4 USB_DEVICE/App/usb_device.o
                0x0000000020000414                hUsbDeviceFS
 COMMON         0x00000000200006d8      0x7d0 USB_DEVICE/App/usbd_cdc_if.o
                0x00000000200006d8                UserRxBufferFS
                0x0000000020000ac0                UserTxBufferFS
 COMMON         0x0000000020000ea8      0x200 USB_DEVICE/App/usbd_desc.o
                0x0000000020000ea8                USBD_StrDesc
 COMMON         0x00000000200010a8      0x2f4 USB_DEVICE/Target/usbd_conf.o
                0x00000000200010a8                hpcd_USB_FS
                0x000000002000139c                . = ALIGN (0x4)
                0x000000002000139c                _ebss = .
                0x000000002000139c                __bss_end__ = _ebss

._user_heap_stack
                0x000000002000139c      0x404 load address 0x0000000008003f6c
                0x00000000200013a0                . = ALIGN (0x8)
 *fill*         0x000000002000139c        0x4 
                0x00000000200013a0                PROVIDE (end = .)
                [!provide]                        PROVIDE (_end = .)
                0x00000000200015a0                . = (. + _Min_Heap_Size)
 *fill*         0x00000000200013a0      0x200 
                0x00000000200017a0                . = (. + _Min_Stack_Size)
 *fill*         0x00000000200015a0      0x200 
                0x00000000200017a0                . = ALIGN (0x8)

/DISCARD/
 libc.a(*)
 libm.a(*)
 libgcc.a(*)

.ARM.attributes
                0x0000000000000000       0x28
 *(.ARM.attributes)
 .ARM.attributes
                0x0000000000000000       0x1e /Applications/STM32CubeIDE.app/Contents/Eclipse/plugins/com.st.stm32cube.ide.mcu.externaltools.gnu-tools-for-stm32.7-2018-q2-update.macos64_1.0.0.201904181610/tools/bin/../lib/gcc/arm-none-eabi/7.3.1/thumb/v6-m/crti.o
 .ARM.attributes
                0x000000000000001e       0x2c /Applications/STM32CubeIDE.app/Contents/Eclipse/plugins/com.st.stm32cube.ide.mcu.externaltools.gnu-tools-for-stm32.7-2018-q2-update.macos64_1.0.0.201904181610/tools/bin/../lib/gcc/arm-none-eabi/7.3.1/thumb/v6-m/crtbegin.o
 .ARM.attributes
                0x000000000000004a       0x31 Core/Src/main.o
 .ARM.attributes
                0x000000000000007b       0x31 Core/Src/stm32f0xx_hal_msp.o
 .ARM.attributes
                0x00000000000000ac       0x31 Core/Src/stm32f0xx_it.o
 .ARM.attributes
                0x00000000000000dd       0x31 Core/Src/system_stm32f0xx.o
 .ARM.attributes
                0x000000000000010e       0x21 Core/Startup/startup_stm32f042f4px.o
 .ARM.attributes
                0x000000000000012f       0x31 Drivers/STM32F0xx_HAL_Driver/Src/stm32f0xx_hal.o
 .ARM.attributes
                0x0000000000000160       0x31 Drivers/STM32F0xx_HAL_Driver/Src/stm32f0xx_hal_cortex.o
 .ARM.attributes
                0x0000000000000191       0x31 Drivers/STM32F0xx_HAL_Driver/Src/stm32f0xx_hal_gpio.o
 .ARM.attributes
                0x00000000000001c2       0x31 Drivers/STM32F0xx_HAL_Driver/Src/stm32f0xx_hal_i2c.o
 .ARM.attributes
                0x00000000000001f3       0x31 Drivers/STM32F0xx_HAL_Driver/Src/stm32f0xx_hal_i2c_ex.o
 .ARM.attributes
                0x0000000000000224       0x31 Drivers/STM32F0xx_HAL_Driver/Src/stm32f0xx_hal_pcd.o
 .ARM.attributes
                0x0000000000000255       0x31 Drivers/STM32F0xx_HAL_Driver/Src/stm32f0xx_hal_pcd_ex.o
 .ARM.attributes
                0x0000000000000286       0x31 Drivers/STM32F0xx_HAL_Driver/Src/stm32f0xx_hal_rcc.o
 .ARM.attributes
                0x00000000000002b7       0x31 Drivers/STM32F0xx_HAL_Driver/Src/stm32f0xx_hal_rcc_ex.o
 .ARM.attributes
                0x00000000000002e8       0x31 Drivers/STM32F0xx_HAL_Driver/Src/stm32f0xx_ll_usb.o
 .ARM.attributes
                0x0000000000000319       0x31 Middlewares/ST/STM32_USB_Device_Library/Class/CDC/Src/usbd_cdc.o
 .ARM.attributes
                0x000000000000034a       0x31 Middlewares/ST/STM32_USB_Device_Library/Core/Src/usbd_core.o
 .ARM.attributes
                0x000000000000037b       0x31 Middlewares/ST/STM32_USB_Device_Library/Core/Src/usbd_ctlreq.o
 .ARM.attributes
                0x00000000000003ac       0x31 Middlewares/ST/STM32_USB_Device_Library/Core/Src/usbd_ioreq.o
 .ARM.attributes
                0x00000000000003dd       0x31 USB_DEVICE/App/usb_device.o
 .ARM.attributes
                0x000000000000040e       0x31 USB_DEVICE/App/usbd_cdc_if.o
 .ARM.attributes
                0x000000000000043f       0x31 USB_DEVICE/App/usbd_desc.o
 .ARM.attributes
                0x0000000000000470       0x31 USB_DEVICE/Target/usbd_conf.o
 .ARM.attributes
                0x00000000000004a1       0x2c /Applications/STM32CubeIDE.app/Contents/Eclipse/plugins/com.st.stm32cube.ide.mcu.externaltools.gnu-tools-for-stm32.7-2018-q2-update.macos64_1.0.0.201904181610/tools/bin/../lib/gcc/arm-none-eabi/7.3.1/../../../../arm-none-eabi/lib/thumb/v6-m/libc_nano.a(lib_a-init.o)
 .ARM.attributes
                0x00000000000004cd       0x2c /Applications/STM32CubeIDE.app/Contents/Eclipse/plugins/com.st.stm32cube.ide.mcu.externaltools.gnu-tools-for-stm32.7-2018-q2-update.macos64_1.0.0.201904181610/tools/bin/../lib/gcc/arm-none-eabi/7.3.1/../../../../arm-none-eabi/lib/thumb/v6-m/libc_nano.a(lib_a-memcpy-stub.o)
 .ARM.attributes
                0x00000000000004f9       0x2c /Applications/STM32CubeIDE.app/Contents/Eclipse/plugins/com.st.stm32cube.ide.mcu.externaltools.gnu-tools-for-stm32.7-2018-q2-update.macos64_1.0.0.201904181610/tools/bin/../lib/gcc/arm-none-eabi/7.3.1/../../../../arm-none-eabi/lib/thumb/v6-m/libc_nano.a(lib_a-memset.o)
 .ARM.attributes
                0x0000000000000525       0x1e /Applications/STM32CubeIDE.app/Contents/Eclipse/plugins/com.st.stm32cube.ide.mcu.externaltools.gnu-tools-for-stm32.7-2018-q2-update.macos64_1.0.0.201904181610/tools/bin/../lib/gcc/arm-none-eabi/7.3.1/thumb/v6-m/libgcc.a(_thumb1_case_uqi.o)
 .ARM.attributes
                0x0000000000000543       0x1e /Applications/STM32CubeIDE.app/Contents/Eclipse/plugins/com.st.stm32cube.ide.mcu.externaltools.gnu-tools-for-stm32.7-2018-q2-update.macos64_1.0.0.201904181610/tools/bin/../lib/gcc/arm-none-eabi/7.3.1/thumb/v6-m/libgcc.a(_thumb1_case_uhi.o)
 .ARM.attributes
                0x0000000000000561       0x1e /Applications/STM32CubeIDE.app/Contents/Eclipse/plugins/com.st.stm32cube.ide.mcu.externaltools.gnu-tools-for-stm32.7-2018-q2-update.macos64_1.0.0.201904181610/tools/bin/../lib/gcc/arm-none-eabi/7.3.1/thumb/v6-m/libgcc.a(_udivsi3.o)
 .ARM.attributes
                0x000000000000057f       0x1e /Applications/STM32CubeIDE.app/Contents/Eclipse/plugins/com.st.stm32cube.ide.mcu.externaltools.gnu-tools-for-stm32.7-2018-q2-update.macos64_1.0.0.201904181610/tools/bin/../lib/gcc/arm-none-eabi/7.3.1/thumb/v6-m/libgcc.a(_dvmd_tls.o)
 .ARM.attributes
                0x000000000000059d       0x1e /Applications/STM32CubeIDE.app/Contents/Eclipse/plugins/com.st.stm32cube.ide.mcu.externaltools.gnu-tools-for-stm32.7-2018-q2-update.macos64_1.0.0.201904181610/tools/bin/../lib/gcc/arm-none-eabi/7.3.1/thumb/v6-m/crtn.o
OUTPUT(ShArc.elf elf32-littlearm)

.debug_info     0x0000000000000000    0x16e33
 .debug_info    0x0000000000000000     0x17b6 Core/Src/main.o
 .debug_info    0x00000000000017b6      0x9c5 Core/Src/stm32f0xx_hal_msp.o
 .debug_info    0x000000000000217b      0x6a5 Core/Src/stm32f0xx_it.o
 .debug_info    0x0000000000002820      0x2a2 Core/Src/system_stm32f0xx.o
 .debug_info    0x0000000000002ac2       0x22 Core/Startup/startup_stm32f042f4px.o
 .debug_info    0x0000000000002ae4      0x750 Drivers/STM32F0xx_HAL_Driver/Src/stm32f0xx_hal.o
 .debug_info    0x0000000000003234      0x85e Drivers/STM32F0xx_HAL_Driver/Src/stm32f0xx_hal_cortex.o
 .debug_info    0x0000000000003a92      0x691 Drivers/STM32F0xx_HAL_Driver/Src/stm32f0xx_hal_gpio.o
 .debug_info    0x0000000000004123     0x38f2 Drivers/STM32F0xx_HAL_Driver/Src/stm32f0xx_hal_i2c.o
 .debug_info    0x0000000000007a15      0x8c8 Drivers/STM32F0xx_HAL_Driver/Src/stm32f0xx_hal_i2c_ex.o
 .debug_info    0x00000000000082dd     0x170c Drivers/STM32F0xx_HAL_Driver/Src/stm32f0xx_hal_pcd.o
 .debug_info    0x00000000000099e9      0x98a Drivers/STM32F0xx_HAL_Driver/Src/stm32f0xx_hal_pcd_ex.o
 .debug_info    0x000000000000a373      0xa5e Drivers/STM32F0xx_HAL_Driver/Src/stm32f0xx_hal_rcc.o
 .debug_info    0x000000000000add1      0x6f9 Drivers/STM32F0xx_HAL_Driver/Src/stm32f0xx_hal_rcc_ex.o
 .debug_info    0x000000000000b4ca     0x15f7 Drivers/STM32F0xx_HAL_Driver/Src/stm32f0xx_ll_usb.o
 .debug_info    0x000000000000cac1     0x1aa2 Middlewares/ST/STM32_USB_Device_Library/Class/CDC/Src/usbd_cdc.o
 .debug_info    0x000000000000e563     0x150e Middlewares/ST/STM32_USB_Device_Library/Core/Src/usbd_core.o
 .debug_info    0x000000000000fa71     0x152a Middlewares/ST/STM32_USB_Device_Library/Core/Src/usbd_ctlreq.o
 .debug_info    0x0000000000010f9b     0x1009 Middlewares/ST/STM32_USB_Device_Library/Core/Src/usbd_ioreq.o
 .debug_info    0x0000000000011fa4      0xf0c USB_DEVICE/App/usb_device.o
 .debug_info    0x0000000000012eb0     0x10d9 USB_DEVICE/App/usbd_cdc_if.o
 .debug_info    0x0000000000013f89      0xe72 USB_DEVICE/App/usbd_desc.o
 .debug_info    0x0000000000014dfb     0x2038 USB_DEVICE/Target/usbd_conf.o

.debug_abbrev   0x0000000000000000     0x3742
 .debug_abbrev  0x0000000000000000      0x2eb Core/Src/main.o
 .debug_abbrev  0x00000000000002eb      0x1df Core/Src/stm32f0xx_hal_msp.o
 .debug_abbrev  0x00000000000004ca      0x1a3 Core/Src/stm32f0xx_it.o
 .debug_abbrev  0x000000000000066d      0x12b Core/Src/system_stm32f0xx.o
 .debug_abbrev  0x0000000000000798       0x12 Core/Startup/startup_stm32f042f4px.o
 .debug_abbrev  0x00000000000007aa      0x26b Drivers/STM32F0xx_HAL_Driver/Src/stm32f0xx_hal.o
 .debug_abbrev  0x0000000000000a15      0x272 Drivers/STM32F0xx_HAL_Driver/Src/stm32f0xx_hal_cortex.o
 .debug_abbrev  0x0000000000000c87      0x1dc Drivers/STM32F0xx_HAL_Driver/Src/stm32f0xx_hal_gpio.o
 .debug_abbrev  0x0000000000000e63      0x337 Drivers/STM32F0xx_HAL_Driver/Src/stm32f0xx_hal_i2c.o
 .debug_abbrev  0x000000000000119a      0x1c6 Drivers/STM32F0xx_HAL_Driver/Src/stm32f0xx_hal_i2c_ex.o
 .debug_abbrev  0x0000000000001360      0x33e Drivers/STM32F0xx_HAL_Driver/Src/stm32f0xx_hal_pcd.o
 .debug_abbrev  0x000000000000169e      0x25b Drivers/STM32F0xx_HAL_Driver/Src/stm32f0xx_hal_pcd_ex.o
 .debug_abbrev  0x00000000000018f9      0x2a0 Drivers/STM32F0xx_HAL_Driver/Src/stm32f0xx_hal_rcc.o
 .debug_abbrev  0x0000000000001b99      0x249 Drivers/STM32F0xx_HAL_Driver/Src/stm32f0xx_hal_rcc_ex.o
 .debug_abbrev  0x0000000000001de2      0x2bd Drivers/STM32F0xx_HAL_Driver/Src/stm32f0xx_ll_usb.o
 .debug_abbrev  0x000000000000209f      0x303 Middlewares/ST/STM32_USB_Device_Library/Class/CDC/Src/usbd_cdc.o
 .debug_abbrev  0x00000000000023a2      0x338 Middlewares/ST/STM32_USB_Device_Library/Core/Src/usbd_core.o
 .debug_abbrev  0x00000000000026da      0x39c Middlewares/ST/STM32_USB_Device_Library/Core/Src/usbd_ctlreq.o
 .debug_abbrev  0x0000000000002a76      0x1ee Middlewares/ST/STM32_USB_Device_Library/Core/Src/usbd_ioreq.o
 .debug_abbrev  0x0000000000002c64      0x1f5 USB_DEVICE/App/usb_device.o
 .debug_abbrev  0x0000000000002e59      0x2a2 USB_DEVICE/App/usbd_cdc_if.o
 .debug_abbrev  0x00000000000030fb      0x327 USB_DEVICE/App/usbd_desc.o
 .debug_abbrev  0x0000000000003422      0x320 USB_DEVICE/Target/usbd_conf.o

.debug_aranges  0x0000000000000000      0xb48
 .debug_aranges
                0x0000000000000000       0x30 Core/Src/main.o
 .debug_aranges
                0x0000000000000030       0x30 Core/Src/stm32f0xx_hal_msp.o
 .debug_aranges
                0x0000000000000060       0x38 Core/Src/stm32f0xx_it.o
 .debug_aranges
                0x0000000000000098       0x28 Core/Src/system_stm32f0xx.o
 .debug_aranges
                0x00000000000000c0       0x28 Core/Startup/startup_stm32f042f4px.o
 .debug_aranges
                0x00000000000000e8       0xc8 Drivers/STM32F0xx_HAL_Driver/Src/stm32f0xx_hal.o
 .debug_aranges
                0x00000000000001b0       0x78 Drivers/STM32F0xx_HAL_Driver/Src/stm32f0xx_hal_cortex.o
 .debug_aranges
                0x0000000000000228       0x58 Drivers/STM32F0xx_HAL_Driver/Src/stm32f0xx_hal_gpio.o
 .debug_aranges
                0x0000000000000280      0x240 Drivers/STM32F0xx_HAL_Driver/Src/stm32f0xx_hal_i2c.o
 .debug_aranges
                0x00000000000004c0       0x48 Drivers/STM32F0xx_HAL_Driver/Src/stm32f0xx_hal_i2c_ex.o
 .debug_aranges
                0x0000000000000508       0xc0 Drivers/STM32F0xx_HAL_Driver/Src/stm32f0xx_hal_pcd.o
 .debug_aranges
                0x00000000000005c8       0x50 Drivers/STM32F0xx_HAL_Driver/Src/stm32f0xx_hal_pcd_ex.o
 .debug_aranges
                0x0000000000000618       0x80 Drivers/STM32F0xx_HAL_Driver/Src/stm32f0xx_hal_rcc.o
 .debug_aranges
                0x0000000000000698       0x68 Drivers/STM32F0xx_HAL_Driver/Src/stm32f0xx_hal_rcc_ex.o
 .debug_aranges
                0x0000000000000700       0xb0 Drivers/STM32F0xx_HAL_Driver/Src/stm32f0xx_ll_usb.o
 .debug_aranges
                0x00000000000007b0       0x90 Middlewares/ST/STM32_USB_Device_Library/Class/CDC/Src/usbd_cdc.o
 .debug_aranges
                0x0000000000000840       0xa8 Middlewares/ST/STM32_USB_Device_Library/Core/Src/usbd_core.o
 .debug_aranges
                0x00000000000008e8       0x50 Middlewares/ST/STM32_USB_Device_Library/Core/Src/usbd_ctlreq.o
 .debug_aranges
                0x0000000000000938       0x50 Middlewares/ST/STM32_USB_Device_Library/Core/Src/usbd_ioreq.o
 .debug_aranges
                0x0000000000000988       0x20 USB_DEVICE/App/usb_device.o
 .debug_aranges
                0x00000000000009a8       0x40 USB_DEVICE/App/usbd_cdc_if.o
 .debug_aranges
                0x00000000000009e8       0x58 USB_DEVICE/App/usbd_desc.o
 .debug_aranges
                0x0000000000000a40      0x108 USB_DEVICE/Target/usbd_conf.o

.debug_ranges   0x0000000000000000     0x1288
 .debug_ranges  0x0000000000000000       0xd0 Core/Src/main.o
 .debug_ranges  0x00000000000000d0       0x90 Core/Src/stm32f0xx_hal_msp.o
 .debug_ranges  0x0000000000000160       0x28 Core/Src/stm32f0xx_it.o
 .debug_ranges  0x0000000000000188       0x18 Core/Src/system_stm32f0xx.o
 .debug_ranges  0x00000000000001a0       0x20 Core/Startup/startup_stm32f042f4px.o
 .debug_ranges  0x00000000000001c0       0xb8 Drivers/STM32F0xx_HAL_Driver/Src/stm32f0xx_hal.o
 .debug_ranges  0x0000000000000278       0xb8 Drivers/STM32F0xx_HAL_Driver/Src/stm32f0xx_hal_cortex.o
 .debug_ranges  0x0000000000000330       0x70 Drivers/STM32F0xx_HAL_Driver/Src/stm32f0xx_hal_gpio.o
 .debug_ranges  0x00000000000003a0      0x278 Drivers/STM32F0xx_HAL_Driver/Src/stm32f0xx_hal_i2c.o
 .debug_ranges  0x0000000000000618       0x78 Drivers/STM32F0xx_HAL_Driver/Src/stm32f0xx_hal_i2c_ex.o
 .debug_ranges  0x0000000000000690      0x218 Drivers/STM32F0xx_HAL_Driver/Src/stm32f0xx_hal_pcd.o
 .debug_ranges  0x00000000000008a8       0x40 Drivers/STM32F0xx_HAL_Driver/Src/stm32f0xx_hal_pcd_ex.o
 .debug_ranges  0x00000000000008e8       0xa0 Drivers/STM32F0xx_HAL_Driver/Src/stm32f0xx_hal_rcc.o
 .debug_ranges  0x0000000000000988       0x78 Drivers/STM32F0xx_HAL_Driver/Src/stm32f0xx_hal_rcc_ex.o
 .debug_ranges  0x0000000000000a00      0x488 Drivers/STM32F0xx_HAL_Driver/Src/stm32f0xx_ll_usb.o
 .debug_ranges  0x0000000000000e88       0x80 Middlewares/ST/STM32_USB_Device_Library/Class/CDC/Src/usbd_cdc.o
 .debug_ranges  0x0000000000000f08       0x98 Middlewares/ST/STM32_USB_Device_Library/Core/Src/usbd_core.o
 .debug_ranges  0x0000000000000fa0       0xc0 Middlewares/ST/STM32_USB_Device_Library/Core/Src/usbd_ctlreq.o
 .debug_ranges  0x0000000000001060       0x40 Middlewares/ST/STM32_USB_Device_Library/Core/Src/usbd_ioreq.o
 .debug_ranges  0x00000000000010a0       0x10 USB_DEVICE/App/usb_device.o
 .debug_ranges  0x00000000000010b0       0x30 USB_DEVICE/App/usbd_cdc_if.o
 .debug_ranges  0x00000000000010e0       0x90 USB_DEVICE/App/usbd_desc.o
 .debug_ranges  0x0000000000001170      0x118 USB_DEVICE/Target/usbd_conf.o

.debug_macro    0x0000000000000000    0x173f1
 .debug_macro   0x0000000000000000      0x3bd Core/Src/main.o
 .debug_macro   0x00000000000003bd      0xa4e Core/Src/main.o
 .debug_macro   0x0000000000000e0b      0x12d Core/Src/main.o
 .debug_macro   0x0000000000000f38       0x2e Core/Src/main.o
 .debug_macro   0x0000000000000f66       0x22 Core/Src/main.o
 .debug_macro   0x0000000000000f88       0x22 Core/Src/main.o
 .debug_macro   0x0000000000000faa       0x8e Core/Src/main.o
 .debug_macro   0x0000000000001038       0x51 Core/Src/main.o
 .debug_macro   0x0000000000001089       0xef Core/Src/main.o
 .debug_macro   0x0000000000001178       0x6a Core/Src/main.o
 .debug_macro   0x00000000000011e2      0x1df Core/Src/main.o
 .debug_macro   0x00000000000013c1       0x1c Core/Src/main.o
 .debug_macro   0x00000000000013dd       0x22 Core/Src/main.o
 .debug_macro   0x00000000000013ff       0xb5 Core/Src/main.o
 .debug_macro   0x00000000000014b4      0x391 Core/Src/main.o
 .debug_macro   0x0000000000001845     0xf1e6 Core/Src/main.o
 .debug_macro   0x0000000000010a2b       0x3c Core/Src/main.o
 .debug_macro   0x0000000000010a67      0x174 Core/Src/main.o
 .debug_macro   0x0000000000010bdb       0x54 Core/Src/main.o
 .debug_macro   0x0000000000010c2f      0x946 Core/Src/main.o
 .debug_macro   0x0000000000011575      0x46b Core/Src/main.o
 .debug_macro   0x00000000000119e0      0x12f Core/Src/main.o
 .debug_macro   0x0000000000011b0f      0x130 Core/Src/main.o
 .debug_macro   0x0000000000011c3f      0x199 Core/Src/main.o
 .debug_macro   0x0000000000011dd8      0x1ed Core/Src/main.o
 .debug_macro   0x0000000000011fc5       0x34 Core/Src/main.o
 .debug_macro   0x0000000000011ff9       0x43 Core/Src/main.o
 .debug_macro   0x000000000001203c       0x28 Core/Src/main.o
 .debug_macro   0x0000000000012064       0xb0 Core/Src/main.o
 .debug_macro   0x0000000000012114      0x182 Core/Src/main.o
 .debug_macro   0x0000000000012296      0x22c Core/Src/main.o
 .debug_macro   0x00000000000124c2       0x60 Core/Src/main.o
 .debug_macro   0x0000000000012522       0xa5 Core/Src/main.o
 .debug_macro   0x00000000000125c7       0x65 Core/Src/main.o
 .debug_macro   0x000000000001262c      0x234 Core/Src/main.o
 .debug_macro   0x0000000000012860       0x4c Core/Src/main.o
 .debug_macro   0x00000000000128ac      0x15b Core/Src/main.o
 .debug_macro   0x0000000000012a07      0x12e Core/Src/main.o
 .debug_macro   0x0000000000012b35       0x1c Core/Src/main.o
 .debug_macro   0x0000000000012b51       0x46 Core/Src/main.o
 .debug_macro   0x0000000000012b97       0x18 Core/Src/main.o
 .debug_macro   0x0000000000012baf       0x3c Core/Src/main.o
 .debug_macro   0x0000000000012beb       0x34 Core/Src/main.o
 .debug_macro   0x0000000000012c1f       0x16 Core/Src/main.o
 .debug_macro   0x0000000000012c35       0x35 Core/Src/main.o
 .debug_macro   0x0000000000012c6a      0x32a Core/Src/main.o
 .debug_macro   0x0000000000012f94       0x10 Core/Src/main.o
 .debug_macro   0x0000000000012fa4       0x52 Core/Src/main.o
 .debug_macro   0x0000000000012ff6       0x1f Core/Src/main.o
 .debug_macro   0x0000000000013015       0x43 Core/Src/main.o
 .debug_macro   0x0000000000013058       0x20 Core/Src/main.o
 .debug_macro   0x0000000000013078      0x1a3 Core/Src/main.o
 .debug_macro   0x000000000001321b       0x10 Core/Src/main.o
 .debug_macro   0x000000000001322b       0x1c Core/Src/main.o
 .debug_macro   0x0000000000013247       0x52 Core/Src/main.o
 .debug_macro   0x0000000000013299       0x40 Core/Src/main.o
 .debug_macro   0x00000000000132d9       0x10 Core/Src/main.o
 .debug_macro   0x00000000000132e9       0x40 Core/Src/main.o
 .debug_macro   0x0000000000013329       0xd7 Core/Src/main.o
 .debug_macro   0x0000000000013400       0x1c Core/Src/main.o
 .debug_macro   0x000000000001341c       0x3d Core/Src/main.o
 .debug_macro   0x0000000000013459       0x16 Core/Src/main.o
 .debug_macro   0x000000000001346f      0x145 Core/Src/main.o
 .debug_macro   0x00000000000135b4       0x16 Core/Src/main.o
 .debug_macro   0x00000000000135ca       0x16 Core/Src/main.o
 .debug_macro   0x00000000000135e0       0x29 Core/Src/main.o
 .debug_macro   0x0000000000013609       0x16 Core/Src/main.o
 .debug_macro   0x000000000001361f       0x20 Core/Src/main.o
 .debug_macro   0x000000000001363f       0x5f Core/Src/main.o
 .debug_macro   0x000000000001369e      0x1c8 Core/Src/main.o
 .debug_macro   0x0000000000013866      0x1c3 Core/Src/stm32f0xx_hal_msp.o
 .debug_macro   0x0000000000013a29      0x1cd Core/Src/stm32f0xx_it.o
 .debug_macro   0x0000000000013bf6      0x1b4 Core/Src/system_stm32f0xx.o
 .debug_macro   0x0000000000013daa      0x1d8 Drivers/STM32F0xx_HAL_Driver/Src/stm32f0xx_hal.o
 .debug_macro   0x0000000000013f82      0x1b4 Drivers/STM32F0xx_HAL_Driver/Src/stm32f0xx_hal_cortex.o
 .debug_macro   0x0000000000014136      0x1ec Drivers/STM32F0xx_HAL_Driver/Src/stm32f0xx_hal_gpio.o
 .debug_macro   0x0000000000014322      0x279 Drivers/STM32F0xx_HAL_Driver/Src/stm32f0xx_hal_i2c.o
 .debug_macro   0x000000000001459b      0x1b4 Drivers/STM32F0xx_HAL_Driver/Src/stm32f0xx_hal_i2c_ex.o
 .debug_macro   0x000000000001474f      0x1c0 Drivers/STM32F0xx_HAL_Driver/Src/stm32f0xx_hal_pcd.o
 .debug_macro   0x000000000001490f      0x1b4 Drivers/STM32F0xx_HAL_Driver/Src/stm32f0xx_hal_pcd_ex.o
 .debug_macro   0x0000000000014ac3      0x1c6 Drivers/STM32F0xx_HAL_Driver/Src/stm32f0xx_hal_rcc.o
 .debug_macro   0x0000000000014c89      0x1c6 Drivers/STM32F0xx_HAL_Driver/Src/stm32f0xx_hal_rcc_ex.o
 .debug_macro   0x0000000000014e4f      0x1b4 Drivers/STM32F0xx_HAL_Driver/Src/stm32f0xx_ll_usb.o
 .debug_macro   0x0000000000015003      0x3d0 Middlewares/ST/STM32_USB_Device_Library/Class/CDC/Src/usbd_cdc.o
 .debug_macro   0x00000000000153d3       0x97 Middlewares/ST/STM32_USB_Device_Library/Class/CDC/Src/usbd_cdc.o
 .debug_macro   0x000000000001546a       0xfd Middlewares/ST/STM32_USB_Device_Library/Class/CDC/Src/usbd_cdc.o
 .debug_macro   0x0000000000015567       0xaf Middlewares/ST/STM32_USB_Device_Library/Class/CDC/Src/usbd_cdc.o
 .debug_macro   0x0000000000015616       0x4e Middlewares/ST/STM32_USB_Device_Library/Class/CDC/Src/usbd_cdc.o
 .debug_macro   0x0000000000015664       0x8f Middlewares/ST/STM32_USB_Device_Library/Class/CDC/Src/usbd_cdc.o
 .debug_macro   0x00000000000156f3      0x3b7 Middlewares/ST/STM32_USB_Device_Library/Core/Src/usbd_core.o
 .debug_macro   0x0000000000015aaa      0x1ce Middlewares/ST/STM32_USB_Device_Library/Core/Src/usbd_core.o
 .debug_macro   0x0000000000015c78      0x3c1 Middlewares/ST/STM32_USB_Device_Library/Core/Src/usbd_ctlreq.o
 .debug_macro   0x0000000000016039      0x3bd Middlewares/ST/STM32_USB_Device_Library/Core/Src/usbd_ioreq.o
 .debug_macro   0x00000000000163f6      0x3f1 USB_DEVICE/App/usb_device.o
 .debug_macro   0x00000000000167e7       0x22 USB_DEVICE/App/usb_device.o
 .debug_macro   0x0000000000016809       0x22 USB_DEVICE/App/usb_device.o
 .debug_macro   0x000000000001682b      0x3e2 USB_DEVICE/App/usbd_cdc_if.o
 .debug_macro   0x0000000000016c0d      0x3f4 USB_DEVICE/App/usbd_desc.o
 .debug_macro   0x0000000000017001       0x1c USB_DEVICE/App/usbd_desc.o
 .debug_macro   0x000000000001701d      0x3d4 USB_DEVICE/Target/usbd_conf.o

.debug_line     0x0000000000000000     0xe957
 .debug_line    0x0000000000000000      0xa39 Core/Src/main.o
 .debug_line    0x0000000000000a39      0x706 Core/Src/stm32f0xx_hal_msp.o
 .debug_line    0x000000000000113f      0x6ef Core/Src/stm32f0xx_it.o
 .debug_line    0x000000000000182e      0x6d6 Core/Src/system_stm32f0xx.o
 .debug_line    0x0000000000001f04       0x9b Core/Startup/startup_stm32f042f4px.o
 .debug_line    0x0000000000001f9f      0x878 Drivers/STM32F0xx_HAL_Driver/Src/stm32f0xx_hal.o
 .debug_line    0x0000000000002817      0x82f Drivers/STM32F0xx_HAL_Driver/Src/stm32f0xx_hal_cortex.o
 .debug_line    0x0000000000003046      0x820 Drivers/STM32F0xx_HAL_Driver/Src/stm32f0xx_hal_gpio.o
 .debug_line    0x0000000000003866     0x1f3a Drivers/STM32F0xx_HAL_Driver/Src/stm32f0xx_hal_i2c.o
 .debug_line    0x00000000000057a0      0x81b Drivers/STM32F0xx_HAL_Driver/Src/stm32f0xx_hal_i2c_ex.o
 .debug_line    0x0000000000005fbb      0xb93 Drivers/STM32F0xx_HAL_Driver/Src/stm32f0xx_hal_pcd.o
 .debug_line    0x0000000000006b4e      0x79a Drivers/STM32F0xx_HAL_Driver/Src/stm32f0xx_hal_pcd_ex.o
 .debug_line    0x00000000000072e8      0xa6f Drivers/STM32F0xx_HAL_Driver/Src/stm32f0xx_hal_rcc.o
 .debug_line    0x0000000000007d57      0x901 Drivers/STM32F0xx_HAL_Driver/Src/stm32f0xx_hal_rcc_ex.o
 .debug_line    0x0000000000008658      0xb8f Drivers/STM32F0xx_HAL_Driver/Src/stm32f0xx_ll_usb.o
 .debug_line    0x00000000000091e7      0xbbe Middlewares/ST/STM32_USB_Device_Library/Class/CDC/Src/usbd_cdc.o
 .debug_line    0x0000000000009da5      0xbc0 Middlewares/ST/STM32_USB_Device_Library/Core/Src/usbd_core.o
 .debug_line    0x000000000000a965      0xb68 Middlewares/ST/STM32_USB_Device_Library/Core/Src/usbd_ctlreq.o
 .debug_line    0x000000000000b4cd      0xa1b Middlewares/ST/STM32_USB_Device_Library/Core/Src/usbd_ioreq.o
 .debug_line    0x000000000000bee8      0x9f8 USB_DEVICE/App/usb_device.o
 .debug_line    0x000000000000c8e0      0xa28 USB_DEVICE/App/usbd_cdc_if.o
 .debug_line    0x000000000000d308      0xa34 USB_DEVICE/App/usbd_desc.o
 .debug_line    0x000000000000dd3c      0xc1b USB_DEVICE/Target/usbd_conf.o

.debug_str      0x0000000000000000    0x72a38
 .debug_str     0x0000000000000000    0x6ef8b Core/Src/main.o
                                      0x6f2a9 (size before relaxing)
 .debug_str     0x000000000006ef8b       0x88 Core/Src/stm32f0xx_hal_msp.o
                                      0x6a3a3 (size before relaxing)
 .debug_str     0x000000000006f013      0x3e2 Core/Src/stm32f0xx_it.o
                                      0x6a1c7 (size before relaxing)
 .debug_str     0x000000000006f3f5       0x5f Core/Src/system_stm32f0xx.o
                                      0x69dcf (size before relaxing)
 .debug_str     0x000000000006f454       0x36 Core/Startup/startup_stm32f042f4px.o
                                         0x9a (size before relaxing)
 .debug_str     0x000000000006f48a      0x4c1 Drivers/STM32F0xx_HAL_Driver/Src/stm32f0xx_hal.o
                                      0x6a31d (size before relaxing)
 .debug_str     0x000000000006f94b      0x1c6 Drivers/STM32F0xx_HAL_Driver/Src/stm32f0xx_hal_cortex.o
                                      0x6a1ad (size before relaxing)
 .debug_str     0x000000000006fb11      0x1b4 Drivers/STM32F0xx_HAL_Driver/Src/stm32f0xx_hal_gpio.o
                                      0x6a06b (size before relaxing)
 .debug_str     0x000000000006fcc5      0xe2f Drivers/STM32F0xx_HAL_Driver/Src/stm32f0xx_hal_i2c.o
                                      0x6b0c0 (size before relaxing)
 .debug_str     0x0000000000070af4       0xb8 Drivers/STM32F0xx_HAL_Driver/Src/stm32f0xx_hal_i2c_ex.o
                                      0x6a36d (size before relaxing)
 .debug_str     0x0000000000070bac      0x551 Drivers/STM32F0xx_HAL_Driver/Src/stm32f0xx_hal_pcd.o
                                      0x6a680 (size before relaxing)
 .debug_str     0x00000000000710fd      0x199 Drivers/STM32F0xx_HAL_Driver/Src/stm32f0xx_hal_pcd_ex.o
                                      0x6a30e (size before relaxing)
 .debug_str     0x0000000000071296      0x234 Drivers/STM32F0xx_HAL_Driver/Src/stm32f0xx_hal_rcc.o
                                      0x6a223 (size before relaxing)
 .debug_str     0x00000000000714ca      0x2c2 Drivers/STM32F0xx_HAL_Driver/Src/stm32f0xx_hal_rcc_ex.o
                                      0x6a1e5 (size before relaxing)
 .debug_str     0x000000000007178c       0xd3 Drivers/STM32F0xx_HAL_Driver/Src/stm32f0xx_ll_usb.o
                                      0x6a1df (size before relaxing)
 .debug_str     0x000000000007185f      0x95f Middlewares/ST/STM32_USB_Device_Library/Class/CDC/Src/usbd_cdc.o
                                      0x6f703 (size before relaxing)
 .debug_str     0x00000000000721be      0x29b Middlewares/ST/STM32_USB_Device_Library/Core/Src/usbd_core.o
                                      0x6f00e (size before relaxing)
 .debug_str     0x0000000000072459      0x120 Middlewares/ST/STM32_USB_Device_Library/Core/Src/usbd_ctlreq.o
                                      0x6ef28 (size before relaxing)
 .debug_str     0x0000000000072579       0x51 Middlewares/ST/STM32_USB_Device_Library/Core/Src/usbd_ioreq.o
                                      0x6ee55 (size before relaxing)
 .debug_str     0x00000000000725ca       0xd9 USB_DEVICE/App/usb_device.o
                                      0x6f1a3 (size before relaxing)
 .debug_str     0x00000000000726a3       0xa2 USB_DEVICE/App/usbd_cdc_if.o
                                      0x6f20f (size before relaxing)
 .debug_str     0x0000000000072745      0x258 USB_DEVICE/App/usbd_desc.o
                                      0x6ed91 (size before relaxing)
 .debug_str     0x000000000007299d       0x9b USB_DEVICE/Target/usbd_conf.o
                                      0x6fb57 (size before relaxing)

.comment        0x0000000000000000       0x7b
 .comment       0x0000000000000000       0x7b Core/Src/main.o
                                         0x7c (size before relaxing)
 .comment       0x000000000000007b       0x7c Core/Src/stm32f0xx_hal_msp.o
 .comment       0x000000000000007b       0x7c Core/Src/stm32f0xx_it.o
 .comment       0x000000000000007b       0x7c Core/Src/system_stm32f0xx.o
 .comment       0x000000000000007b       0x7c Drivers/STM32F0xx_HAL_Driver/Src/stm32f0xx_hal.o
 .comment       0x000000000000007b       0x7c Drivers/STM32F0xx_HAL_Driver/Src/stm32f0xx_hal_cortex.o
 .comment       0x000000000000007b       0x7c Drivers/STM32F0xx_HAL_Driver/Src/stm32f0xx_hal_gpio.o
 .comment       0x000000000000007b       0x7c Drivers/STM32F0xx_HAL_Driver/Src/stm32f0xx_hal_i2c.o
 .comment       0x000000000000007b       0x7c Drivers/STM32F0xx_HAL_Driver/Src/stm32f0xx_hal_i2c_ex.o
 .comment       0x000000000000007b       0x7c Drivers/STM32F0xx_HAL_Driver/Src/stm32f0xx_hal_pcd.o
 .comment       0x000000000000007b       0x7c Drivers/STM32F0xx_HAL_Driver/Src/stm32f0xx_hal_pcd_ex.o
 .comment       0x000000000000007b       0x7c Drivers/STM32F0xx_HAL_Driver/Src/stm32f0xx_hal_rcc.o
 .comment       0x000000000000007b       0x7c Drivers/STM32F0xx_HAL_Driver/Src/stm32f0xx_hal_rcc_ex.o
 .comment       0x000000000000007b       0x7c Drivers/STM32F0xx_HAL_Driver/Src/stm32f0xx_ll_usb.o
 .comment       0x000000000000007b       0x7c Middlewares/ST/STM32_USB_Device_Library/Class/CDC/Src/usbd_cdc.o
 .comment       0x000000000000007b       0x7c Middlewares/ST/STM32_USB_Device_Library/Core/Src/usbd_core.o
 .comment       0x000000000000007b       0x7c Middlewares/ST/STM32_USB_Device_Library/Core/Src/usbd_ctlreq.o
 .comment       0x000000000000007b       0x7c Middlewares/ST/STM32_USB_Device_Library/Core/Src/usbd_ioreq.o
 .comment       0x000000000000007b       0x7c USB_DEVICE/App/usb_device.o
 .comment       0x000000000000007b       0x7c USB_DEVICE/App/usbd_cdc_if.o
 .comment       0x000000000000007b       0x7c USB_DEVICE/App/usbd_desc.o
 .comment       0x000000000000007b       0x7c USB_DEVICE/Target/usbd_conf.o

.debug_frame    0x0000000000000000     0x1ef0
 .debug_frame   0x0000000000000000       0x5c Core/Src/main.o
 .debug_frame   0x000000000000005c       0x58 Core/Src/stm32f0xx_hal_msp.o
 .debug_frame   0x00000000000000b4       0x80 Core/Src/stm32f0xx_it.o
 .debug_frame   0x0000000000000134       0x3c Core/Src/system_stm32f0xx.o
 .debug_frame   0x0000000000000170      0x1b4 Drivers/STM32F0xx_HAL_Driver/Src/stm32f0xx_hal.o
 .debug_frame   0x0000000000000324       0xe4 Drivers/STM32F0xx_HAL_Driver/Src/stm32f0xx_hal_cortex.o
 .debug_frame   0x0000000000000408       0xbc Drivers/STM32F0xx_HAL_Driver/Src/stm32f0xx_hal_gpio.o
 .debug_frame   0x00000000000004c4      0x87c Drivers/STM32F0xx_HAL_Driver/Src/stm32f0xx_hal_i2c.o
 .debug_frame   0x0000000000000d40       0xc0 Drivers/STM32F0xx_HAL_Driver/Src/stm32f0xx_hal_i2c_ex.o
 .debug_frame   0x0000000000000e00      0x2d0 Drivers/STM32F0xx_HAL_Driver/Src/stm32f0xx_hal_pcd.o
 .debug_frame   0x00000000000010d0       0xb4 Drivers/STM32F0xx_HAL_Driver/Src/stm32f0xx_hal_pcd_ex.o
 .debug_frame   0x0000000000001184      0x140 Drivers/STM32F0xx_HAL_Driver/Src/stm32f0xx_hal_rcc.o
 .debug_frame   0x00000000000012c4      0x108 Drivers/STM32F0xx_HAL_Driver/Src/stm32f0xx_hal_rcc_ex.o
 .debug_frame   0x00000000000013cc      0x1a4 Drivers/STM32F0xx_HAL_Driver/Src/stm32f0xx_ll_usb.o
 .debug_frame   0x0000000000001570      0x170 Middlewares/ST/STM32_USB_Device_Library/Class/CDC/Src/usbd_cdc.o
 .debug_frame   0x00000000000016e0      0x1c4 Middlewares/ST/STM32_USB_Device_Library/Core/Src/usbd_core.o
 .debug_frame   0x00000000000018a4       0xc4 Middlewares/ST/STM32_USB_Device_Library/Core/Src/usbd_ctlreq.o
 .debug_frame   0x0000000000001968       0xb8 Middlewares/ST/STM32_USB_Device_Library/Core/Src/usbd_ioreq.o
 .debug_frame   0x0000000000001a20       0x28 USB_DEVICE/App/usb_device.o
 .debug_frame   0x0000000000001a48       0x78 USB_DEVICE/App/usbd_cdc_if.o
 .debug_frame   0x0000000000001ac0       0xc8 USB_DEVICE/App/usbd_desc.o
 .debug_frame   0x0000000000001b88      0x2d4 USB_DEVICE/Target/usbd_conf.o
 .debug_frame   0x0000000000001e5c       0x2c /Applications/STM32CubeIDE.app/Contents/Eclipse/plugins/com.st.stm32cube.ide.mcu.externaltools.gnu-tools-for-stm32.7-2018-q2-update.macos64_1.0.0.201904181610/tools/bin/../lib/gcc/arm-none-eabi/7.3.1/../../../../arm-none-eabi/lib/thumb/v6-m/libc_nano.a(lib_a-init.o)
 .debug_frame   0x0000000000001e88       0x28 /Applications/STM32CubeIDE.app/Contents/Eclipse/plugins/com.st.stm32cube.ide.mcu.externaltools.gnu-tools-for-stm32.7-2018-q2-update.macos64_1.0.0.201904181610/tools/bin/../lib/gcc/arm-none-eabi/7.3.1/../../../../arm-none-eabi/lib/thumb/v6-m/libc_nano.a(lib_a-memcpy-stub.o)
 .debug_frame   0x0000000000001eb0       0x20 /Applications/STM32CubeIDE.app/Contents/Eclipse/plugins/com.st.stm32cube.ide.mcu.externaltools.gnu-tools-for-stm32.7-2018-q2-update.macos64_1.0.0.201904181610/tools/bin/../lib/gcc/arm-none-eabi/7.3.1/../../../../arm-none-eabi/lib/thumb/v6-m/libc_nano.a(lib_a-memset.o)
 .debug_frame   0x0000000000001ed0       0x20 /Applications/STM32CubeIDE.app/Contents/Eclipse/plugins/com.st.stm32cube.ide.mcu.externaltools.gnu-tools-for-stm32.7-2018-q2-update.macos64_1.0.0.201904181610/tools/bin/../lib/gcc/arm-none-eabi/7.3.1/thumb/v6-m/libgcc.a(_udivsi3.o)

.debug_loc      0x0000000000000000     0x96ed
 .debug_loc     0x0000000000000000       0x4d Core/Src/stm32f0xx_hal_msp.o
 .debug_loc     0x000000000000004d       0xe7 Core/Src/system_stm32f0xx.o
 .debug_loc     0x0000000000000134       0xef Drivers/STM32F0xx_HAL_Driver/Src/stm32f0xx_hal.o
 .debug_loc     0x0000000000000223      0x394 Drivers/STM32F0xx_HAL_Driver/Src/stm32f0xx_hal_cortex.o
 .debug_loc     0x00000000000005b7      0x2f0 Drivers/STM32F0xx_HAL_Driver/Src/stm32f0xx_hal_gpio.o
 .debug_loc     0x00000000000008a7     0x3941 Drivers/STM32F0xx_HAL_Driver/Src/stm32f0xx_hal_i2c.o
 .debug_loc     0x00000000000041e8      0x1bc Drivers/STM32F0xx_HAL_Driver/Src/stm32f0xx_hal_i2c_ex.o
 .debug_loc     0x00000000000043a4      0xdfc Drivers/STM32F0xx_HAL_Driver/Src/stm32f0xx_hal_pcd.o
 .debug_loc     0x00000000000051a0      0x28f Drivers/STM32F0xx_HAL_Driver/Src/stm32f0xx_hal_pcd_ex.o
 .debug_loc     0x000000000000542f      0x467 Drivers/STM32F0xx_HAL_Driver/Src/stm32f0xx_hal_rcc.o
 .debug_loc     0x0000000000005896      0x588 Drivers/STM32F0xx_HAL_Driver/Src/stm32f0xx_hal_rcc_ex.o
 .debug_loc     0x0000000000005e1e     0x168e Drivers/STM32F0xx_HAL_Driver/Src/stm32f0xx_ll_usb.o
 .debug_loc     0x00000000000074ac      0x55e Middlewares/ST/STM32_USB_Device_Library/Class/CDC/Src/usbd_cdc.o
 .debug_loc     0x0000000000007a0a      0x642 Middlewares/ST/STM32_USB_Device_Library/Core/Src/usbd_core.o
 .debug_loc     0x000000000000804c      0x702 Middlewares/ST/STM32_USB_Device_Library/Core/Src/usbd_ctlreq.o
 .debug_loc     0x000000000000874e      0x23c Middlewares/ST/STM32_USB_Device_Library/Core/Src/usbd_ioreq.o
 .debug_loc     0x000000000000898a       0xef USB_DEVICE/App/usbd_cdc_if.o
 .debug_loc     0x0000000000008a79      0x32e USB_DEVICE/App/usbd_desc.o
 .debug_loc     0x0000000000008da7      0x946 USB_DEVICE/Target/usbd_conf.o
